[0.687s] Invoking command in '/home/fede/ros2_ws/src/my_robot_drl': AMENT_PREFIX_PATH=/home/fede/ros2_ws/src/install/virtual_maize_field:${AMENT_PREFIX_PATH} PYTHONPATH=/home/fede/ros2_ws/src/build/my_robot_drl/prefix_override:/usr/lib/python3/dist-packages/colcon_core/task/python/colcon_distutils_commands:/home/fede/ros2_ws/src/install/my_robot_drl/lib/python3.10/site-packages:/home/fede/ros2_ws/src/install/virtual_maize_field/lib/python3.10/site-packages:${PYTHONPATH} /usr/bin/python3 -W ignore:setup.py install is deprecated -W ignore:easy_install command is deprecated setup.py egg_info --egg-base ../build/my_robot_drl build --build-base /home/fede/ros2_ws/src/build/my_robot_drl/build install --record /home/fede/ros2_ws/src/build/my_robot_drl/install.log --single-version-externally-managed install_data
[0.851s] running egg_info
[0.851s] writing ../build/my_robot_drl/my_robot_drl.egg-info/PKG-INFO
[0.851s] writing dependency_links to ../build/my_robot_drl/my_robot_drl.egg-info/dependency_links.txt
[0.851s] writing entry points to ../build/my_robot_drl/my_robot_drl.egg-info/entry_points.txt
[0.852s] writing requirements to ../build/my_robot_drl/my_robot_drl.egg-info/requires.txt
[0.852s] writing top-level names to ../build/my_robot_drl/my_robot_drl.egg-info/top_level.txt
[0.853s] reading manifest file '../build/my_robot_drl/my_robot_drl.egg-info/SOURCES.txt'
[0.853s] adding license file 'LICENSE'
[0.854s] writing manifest file '../build/my_robot_drl/my_robot_drl.egg-info/SOURCES.txt'
[0.854s] running build
[0.854s] running build_py
[0.854s] running install
[0.854s] running install_lib
[0.855s] running install_data
[0.855s] running install_egg_info
[0.857s] removing '/home/fede/ros2_ws/src/install/my_robot_drl/lib/python3.10/site-packages/my_robot_drl-0.0.0-py3.10.egg-info' (and everything under it)
[0.857s] Copying ../build/my_robot_drl/my_robot_drl.egg-info to /home/fede/ros2_ws/src/install/my_robot_drl/lib/python3.10/site-packages/my_robot_drl-0.0.0-py3.10.egg-info
[0.858s] running install_scripts
[0.872s] Installing field_data_reader script to /home/fede/ros2_ws/src/install/my_robot_drl/lib/my_robot_drl
[0.873s] Installing teleop_maize_env script to /home/fede/ros2_ws/src/install/my_robot_drl/lib/my_robot_drl
[0.873s] Installing test_uturn script to /home/fede/ros2_ws/src/install/my_robot_drl/lib/my_robot_drl
[0.873s] Installing train_agent script to /home/fede/ros2_ws/src/install/my_robot_drl/lib/my_robot_drl
[0.873s] Installing visualize_real_uturn script to /home/fede/ros2_ws/src/install/my_robot_drl/lib/my_robot_drl
[0.873s] Installing waypoint_visualizer script to /home/fede/ros2_ws/src/install/my_robot_drl/lib/my_robot_drl
[0.873s] writing list of installed files to '/home/fede/ros2_ws/src/build/my_robot_drl/install.log'
[0.888s] Invoked command in '/home/fede/ros2_ws/src/my_robot_drl' returned '0': AMENT_PREFIX_PATH=/home/fede/ros2_ws/src/install/virtual_maize_field:${AMENT_PREFIX_PATH} PYTHONPATH=/home/fede/ros2_ws/src/build/my_robot_drl/prefix_override:/usr/lib/python3/dist-packages/colcon_core/task/python/colcon_distutils_commands:/home/fede/ros2_ws/src/install/my_robot_drl/lib/python3.10/site-packages:/home/fede/ros2_ws/src/install/virtual_maize_field/lib/python3.10/site-packages:${PYTHONPATH} /usr/bin/python3 -W ignore:setup.py install is deprecated -W ignore:easy_install command is deprecated setup.py egg_info --egg-base ../build/my_robot_drl build --build-base /home/fede/ros2_ws/src/build/my_robot_drl/build install --record /home/fede/ros2_ws/src/build/my_robot_drl/install.log --single-version-externally-managed install_data
