[0.932s] Invoking command in '/home/fede/ros2_ws/src/maize_robot_bringup': AMENT_PREFIX_PATH=/home/fede/ros2_ws/src/install/my_tracked_robot_description:${AMENT_PREFIX_PATH} CMAKE_PREFIX_PATH=/home/fede/ros2_ws/src/install/my_tracked_robot_description:${CMAKE_PREFIX_PATH} PYTHONPATH=/home/fede/ros2_ws/src/build/maize_robot_bringup/prefix_override:/usr/lib/python3/dist-packages/colcon_core/task/python/colcon_distutils_commands:/home/fede/ros2_ws/src/install/maize_robot_bringup/lib/python3.10/site-packages:${PYTHONPATH} /usr/bin/python3 -W ignore:setup.py install is deprecated -W ignore:easy_install command is deprecated setup.py egg_info --egg-base ../build/maize_robot_bringup build --build-base /home/fede/ros2_ws/src/build/maize_robot_bringup/build install --record /home/fede/ros2_ws/src/build/maize_robot_bringup/install.log --single-version-externally-managed install_data
[1.094s] running egg_info
[1.095s] writing ../build/maize_robot_bringup/maize_robot_bringup.egg-info/PKG-INFO
[1.095s] writing dependency_links to ../build/maize_robot_bringup/maize_robot_bringup.egg-info/dependency_links.txt
[1.095s] writing entry points to ../build/maize_robot_bringup/maize_robot_bringup.egg-info/entry_points.txt
[1.095s] writing requirements to ../build/maize_robot_bringup/maize_robot_bringup.egg-info/requires.txt
[1.095s] writing top-level names to ../build/maize_robot_bringup/maize_robot_bringup.egg-info/top_level.txt
[1.097s] reading manifest file '../build/maize_robot_bringup/maize_robot_bringup.egg-info/SOURCES.txt'
[1.098s] writing manifest file '../build/maize_robot_bringup/maize_robot_bringup.egg-info/SOURCES.txt'
[1.098s] running build
[1.098s] running build_py
[1.098s] running install
[1.098s] running install_lib
[1.099s] running install_data
[1.099s] copying launch/spawn_car_like.launch.py -> /home/fede/ros2_ws/src/install/maize_robot_bringup/share/maize_robot_bringup/launch
[1.099s] copying launch/spawn_tracked_robot.launch.py -> /home/fede/ros2_ws/src/install/maize_robot_bringup/share/maize_robot_bringup/launch
[1.100s] running install_egg_info
[1.101s] removing '/home/fede/ros2_ws/src/install/maize_robot_bringup/lib/python3.10/site-packages/maize_robot_bringup-0.0.0-py3.10.egg-info' (and everything under it)
[1.102s] Copying ../build/maize_robot_bringup/maize_robot_bringup.egg-info to /home/fede/ros2_ws/src/install/maize_robot_bringup/lib/python3.10/site-packages/maize_robot_bringup-0.0.0-py3.10.egg-info
[1.102s] running install_scripts
[1.117s] writing list of installed files to '/home/fede/ros2_ws/src/build/maize_robot_bringup/install.log'
[1.135s] Invoked command in '/home/fede/ros2_ws/src/maize_robot_bringup' returned '0': AMENT_PREFIX_PATH=/home/fede/ros2_ws/src/install/my_tracked_robot_description:${AMENT_PREFIX_PATH} CMAKE_PREFIX_PATH=/home/fede/ros2_ws/src/install/my_tracked_robot_description:${CMAKE_PREFIX_PATH} PYTHONPATH=/home/fede/ros2_ws/src/build/maize_robot_bringup/prefix_override:/usr/lib/python3/dist-packages/colcon_core/task/python/colcon_distutils_commands:/home/fede/ros2_ws/src/install/maize_robot_bringup/lib/python3.10/site-packages:${PYTHONPATH} /usr/bin/python3 -W ignore:setup.py install is deprecated -W ignore:easy_install command is deprecated setup.py egg_info --egg-base ../build/maize_robot_bringup build --build-base /home/fede/ros2_ws/src/build/maize_robot_bringup/build install --record /home/fede/ros2_ws/src/build/maize_robot_bringup/install.log --single-version-externally-managed install_data
