running egg_info
writing ../build/virtual_maize_field/virtual_maize_field.egg-info/PKG-INFO
writing dependency_links to ../build/virtual_maize_field/virtual_maize_field.egg-info/dependency_links.txt
writing entry points to ../build/virtual_maize_field/virtual_maize_field.egg-info/entry_points.txt
writing requirements to ../build/virtual_maize_field/virtual_maize_field.egg-info/requires.txt
writing top-level names to ../build/virtual_maize_field/virtual_maize_field.egg-info/top_level.txt
reading manifest file '../build/virtual_maize_field/virtual_maize_field.egg-info/SOURCES.txt'
adding license file 'LICENSE'
writing manifest file '../build/virtual_maize_field/virtual_maize_field.egg-info/SOURCES.txt'
running build
running build_py
copying virtual_maize_field/world_generator/field_2d_generator.py -> /home/fede/ros2_ws/src/build/virtual_maize_field/build/lib/virtual_maize_field/world_generator
running install
running install_lib
copying /home/fede/ros2_ws/src/build/virtual_maize_field/build/lib/virtual_maize_field/world_generator/field_2d_generator.py -> /home/fede/ros2_ws/src/install/virtual_maize_field/lib/python3.10/site-packages/virtual_maize_field/world_generator
byte-compiling /home/fede/ros2_ws/src/install/virtual_maize_field/lib/python3.10/site-packages/virtual_maize_field/world_generator/field_2d_generator.py to field_2d_generator.cpython-310.pyc
running install_data
running install_egg_info
removing '/home/fede/ros2_ws/src/install/virtual_maize_field/lib/python3.10/site-packages/virtual_maize_field-5.0.0-py3.10.egg-info' (and everything under it)
Copying ../build/virtual_maize_field/virtual_maize_field.egg-info to /home/fede/ros2_ws/src/install/virtual_maize_field/lib/python3.10/site-packages/virtual_maize_field-5.0.0-py3.10.egg-info
running install_scripts
Installing generate_world script to /home/fede/ros2_ws/src/install/virtual_maize_field/lib/virtual_maize_field
writing list of installed files to '/home/fede/ros2_ws/src/build/virtual_maize_field/install.log'
