[0.790s] Invoking command in '/home/fede/ros2_ws/src/virtual_maize_field': PYTHONPATH=/home/fede/ros2_ws/src/build/virtual_maize_field/prefix_override:/usr/lib/python3/dist-packages/colcon_core/task/python/colcon_distutils_commands:/home/fede/ros2_ws/src/install/virtual_maize_field/lib/python3.10/site-packages:${PYTHONPATH} /usr/bin/python3 -W ignore:setup.py install is deprecated -W ignore:easy_install command is deprecated setup.py egg_info --egg-base ../build/virtual_maize_field build --build-base /home/fede/ros2_ws/src/build/virtual_maize_field/build install --record /home/fede/ros2_ws/src/build/virtual_maize_field/install.log --single-version-externally-managed install_data
[0.986s] running egg_info
[0.986s] writing ../build/virtual_maize_field/virtual_maize_field.egg-info/PKG-INFO
[0.991s] writing dependency_links to ../build/virtual_maize_field/virtual_maize_field.egg-info/dependency_links.txt
[0.991s] writing entry points to ../build/virtual_maize_field/virtual_maize_field.egg-info/entry_points.txt
[0.992s] writing requirements to ../build/virtual_maize_field/virtual_maize_field.egg-info/requires.txt
[0.992s] writing top-level names to ../build/virtual_maize_field/virtual_maize_field.egg-info/top_level.txt
[0.995s] reading manifest file '../build/virtual_maize_field/virtual_maize_field.egg-info/SOURCES.txt'
[0.996s] adding license file 'LICENSE'
[0.998s] writing manifest file '../build/virtual_maize_field/virtual_maize_field.egg-info/SOURCES.txt'
[0.999s] running build
[0.999s] running build_py
[0.999s] copying virtual_maize_field/world_generator/field_2d_generator.py -> /home/fede/ros2_ws/src/build/virtual_maize_field/build/lib/virtual_maize_field/world_generator
[1.001s] running install
[1.001s] running install_lib
[1.003s] copying /home/fede/ros2_ws/src/build/virtual_maize_field/build/lib/virtual_maize_field/world_generator/field_2d_generator.py -> /home/fede/ros2_ws/src/install/virtual_maize_field/lib/python3.10/site-packages/virtual_maize_field/world_generator
[1.005s] byte-compiling /home/fede/ros2_ws/src/install/virtual_maize_field/lib/python3.10/site-packages/virtual_maize_field/world_generator/field_2d_generator.py to field_2d_generator.cpython-310.pyc
[1.011s] running install_data
[1.013s] running install_egg_info
[1.014s] removing '/home/fede/ros2_ws/src/install/virtual_maize_field/lib/python3.10/site-packages/virtual_maize_field-5.0.0-py3.10.egg-info' (and everything under it)
[1.015s] Copying ../build/virtual_maize_field/virtual_maize_field.egg-info to /home/fede/ros2_ws/src/install/virtual_maize_field/lib/python3.10/site-packages/virtual_maize_field-5.0.0-py3.10.egg-info
[1.016s] running install_scripts
[1.036s] Installing generate_world script to /home/fede/ros2_ws/src/install/virtual_maize_field/lib/virtual_maize_field
[1.036s] writing list of installed files to '/home/fede/ros2_ws/src/build/virtual_maize_field/install.log'
[1.058s] Invoked command in '/home/fede/ros2_ws/src/virtual_maize_field' returned '0': PYTHONPATH=/home/fede/ros2_ws/src/build/virtual_maize_field/prefix_override:/usr/lib/python3/dist-packages/colcon_core/task/python/colcon_distutils_commands:/home/fede/ros2_ws/src/install/virtual_maize_field/lib/python3.10/site-packages:${PYTHONPATH} /usr/bin/python3 -W ignore:setup.py install is deprecated -W ignore:easy_install command is deprecated setup.py egg_info --egg-base ../build/virtual_maize_field build --build-base /home/fede/ros2_ws/src/build/virtual_maize_field/build install --record /home/fede/ros2_ws/src/build/virtual_maize_field/install.log --single-version-externally-managed install_data
