[0.715s] Invoking command in '/home/fede/ros2_ws/src/my_robot_drl': AMENT_PREFIX_PATH=/home/fede/ros2_ws/src/install/virtual_maize_field:/home/fede/ros2_ws/src/install/my_robot_drl:/home/fede/ros2_ws/src/install/maize_robot_bringup:/home/fede/ros2_ws/src/install/my_tracked_robot_description:/home/fede/ros2_ws/install/my_robot_drl:/home/fede/ros2_ws/install/virtual_maize_field:/home/fede/ros2_ws/install/maize_robot_bringup:/home/fede/ros2_ws/install/my_tracked_robot_description:/opt/ros/humble PYTHONPATH=/home/fede/ros2_ws/src/build/my_robot_drl/prefix_override:/usr/lib/python3/dist-packages/colcon_core/task/python/colcon_distutils_commands:/home/fede/ros2_ws/src/install/my_robot_drl/lib/python3.10/site-packages:/home/fede/ros2_ws/src/install/virtual_maize_field/lib/python3.10/site-packages:/home/fede/ros2_ws/src/install/my_robot_drl/lib/python3.10/site-packages:/home/fede/ros2_ws/src/install/maize_robot_bringup/lib/python3.10/site-packages:/home/fede/ros2_ws/install/my_robot_drl/lib/python3.10/site-packages:/home/fede/ros2_ws/install/virtual_maize_field/lib/python3.10/site-packages:/home/fede/ros2_ws/install/maize_robot_bringup/lib/python3.10/site-packages:/opt/ros/humble/lib/python3.10/site-packages:/opt/ros/humble/local/lib/python3.10/dist-packages /usr/bin/python3 -W ignore:setup.py install is deprecated -W ignore:easy_install command is deprecated setup.py egg_info --egg-base ../build/my_robot_drl build --build-base /home/fede/ros2_ws/src/build/my_robot_drl/build install --record /home/fede/ros2_ws/src/build/my_robot_drl/install.log --single-version-externally-managed install_data
[0.914s] running egg_info
[0.915s] writing ../build/my_robot_drl/my_robot_drl.egg-info/PKG-INFO
[0.915s] writing dependency_links to ../build/my_robot_drl/my_robot_drl.egg-info/dependency_links.txt
[0.915s] writing entry points to ../build/my_robot_drl/my_robot_drl.egg-info/entry_points.txt
[0.916s] writing requirements to ../build/my_robot_drl/my_robot_drl.egg-info/requires.txt
[0.916s] writing top-level names to ../build/my_robot_drl/my_robot_drl.egg-info/top_level.txt
[0.918s] reading manifest file '../build/my_robot_drl/my_robot_drl.egg-info/SOURCES.txt'
[0.919s] adding license file 'LICENSE'
[0.920s] writing manifest file '../build/my_robot_drl/my_robot_drl.egg-info/SOURCES.txt'
[0.920s] running build
[0.920s] running build_py
[0.921s] running install
[0.921s] running install_lib
[0.924s] running install_data
[0.924s] running install_egg_info
[0.925s] removing '/home/fede/ros2_ws/src/install/my_robot_drl/lib/python3.10/site-packages/my_robot_drl-0.0.0-py3.10.egg-info' (and everything under it)
[0.926s] Copying ../build/my_robot_drl/my_robot_drl.egg-info to /home/fede/ros2_ws/src/install/my_robot_drl/lib/python3.10/site-packages/my_robot_drl-0.0.0-py3.10.egg-info
[0.927s] running install_scripts
[0.950s] Installing field_data_reader script to /home/fede/ros2_ws/src/install/my_robot_drl/lib/my_robot_drl
[0.950s] Installing teleop_maize_env script to /home/fede/ros2_ws/src/install/my_robot_drl/lib/my_robot_drl
[0.950s] Installing test_uturn script to /home/fede/ros2_ws/src/install/my_robot_drl/lib/my_robot_drl
[0.951s] Installing train_agent script to /home/fede/ros2_ws/src/install/my_robot_drl/lib/my_robot_drl
[0.951s] Installing visualize_real_uturn script to /home/fede/ros2_ws/src/install/my_robot_drl/lib/my_robot_drl
[0.951s] Installing waypoint_visualizer script to /home/fede/ros2_ws/src/install/my_robot_drl/lib/my_robot_drl
[0.952s] writing list of installed files to '/home/fede/ros2_ws/src/build/my_robot_drl/install.log'
[0.976s] Invoked command in '/home/fede/ros2_ws/src/my_robot_drl' returned '0': AMENT_PREFIX_PATH=/home/fede/ros2_ws/src/install/virtual_maize_field:/home/fede/ros2_ws/src/install/my_robot_drl:/home/fede/ros2_ws/src/install/maize_robot_bringup:/home/fede/ros2_ws/src/install/my_tracked_robot_description:/home/fede/ros2_ws/install/my_robot_drl:/home/fede/ros2_ws/install/virtual_maize_field:/home/fede/ros2_ws/install/maize_robot_bringup:/home/fede/ros2_ws/install/my_tracked_robot_description:/opt/ros/humble PYTHONPATH=/home/fede/ros2_ws/src/build/my_robot_drl/prefix_override:/usr/lib/python3/dist-packages/colcon_core/task/python/colcon_distutils_commands:/home/fede/ros2_ws/src/install/my_robot_drl/lib/python3.10/site-packages:/home/fede/ros2_ws/src/install/virtual_maize_field/lib/python3.10/site-packages:/home/fede/ros2_ws/src/install/my_robot_drl/lib/python3.10/site-packages:/home/fede/ros2_ws/src/install/maize_robot_bringup/lib/python3.10/site-packages:/home/fede/ros2_ws/install/my_robot_drl/lib/python3.10/site-packages:/home/fede/ros2_ws/install/virtual_maize_field/lib/python3.10/site-packages:/home/fede/ros2_ws/install/maize_robot_bringup/lib/python3.10/site-packages:/opt/ros/humble/lib/python3.10/site-packages:/opt/ros/humble/local/lib/python3.10/dist-packages /usr/bin/python3 -W ignore:setup.py install is deprecated -W ignore:easy_install command is deprecated setup.py egg_info --egg-base ../build/my_robot_drl build --build-base /home/fede/ros2_ws/src/build/my_robot_drl/build install --record /home/fede/ros2_ws/src/build/my_robot_drl/install.log --single-version-externally-managed install_data
