[0.587s] Invoking command in '/home/fede/ros2_ws/src/virtual_maize_field': PYTHONPATH=/home/fede/ros2_ws/src/build/virtual_maize_field/prefix_override:/usr/lib/python3/dist-packages/colcon_core/task/python/colcon_distutils_commands:/home/fede/ros2_ws/src/install/virtual_maize_field/lib/python3.10/site-packages:${PYTHONPATH} /usr/bin/python3 -W ignore:setup.py install is deprecated -W ignore:easy_install command is deprecated setup.py egg_info --egg-base ../build/virtual_maize_field build --build-base /home/fede/ros2_ws/src/build/virtual_maize_field/build install --record /home/fede/ros2_ws/src/build/virtual_maize_field/install.log --single-version-externally-managed install_data
[0.751s] running egg_info
[0.752s] writing ../build/virtual_maize_field/virtual_maize_field.egg-info/PKG-INFO
[0.752s] writing dependency_links to ../build/virtual_maize_field/virtual_maize_field.egg-info/dependency_links.txt
[0.753s] writing entry points to ../build/virtual_maize_field/virtual_maize_field.egg-info/entry_points.txt
[0.753s] writing requirements to ../build/virtual_maize_field/virtual_maize_field.egg-info/requires.txt
[0.753s] writing top-level names to ../build/virtual_maize_field/virtual_maize_field.egg-info/top_level.txt
[0.754s] reading manifest file '../build/virtual_maize_field/virtual_maize_field.egg-info/SOURCES.txt'
[0.755s] adding license file 'LICENSE'
[0.756s] writing manifest file '../build/virtual_maize_field/virtual_maize_field.egg-info/SOURCES.txt'
[0.757s] running build
[0.757s] running build_py
[0.757s] copying virtual_maize_field/generate_world.py -> /home/fede/ros2_ws/src/build/virtual_maize_field/build/lib/virtual_maize_field
[0.757s] copying virtual_maize_field/world_generator/field_2d_generator.py -> /home/fede/ros2_ws/src/build/virtual_maize_field/build/lib/virtual_maize_field/world_generator
[0.758s] copying virtual_maize_field/world_generator/world_description.py -> /home/fede/ros2_ws/src/build/virtual_maize_field/build/lib/virtual_maize_field/world_generator
[0.759s] copying virtual_maize_field/world_generator/field.world.template -> /home/fede/ros2_ws/src/build/virtual_maize_field/build/lib/virtual_maize_field/world_generator
[0.760s] running install
[0.760s] running install_lib
[0.760s] copying /home/fede/ros2_ws/src/build/virtual_maize_field/build/lib/virtual_maize_field/world_generator/field_2d_generator.py -> /home/fede/ros2_ws/src/install/virtual_maize_field/lib/python3.10/site-packages/virtual_maize_field/world_generator
[0.761s] copying /home/fede/ros2_ws/src/build/virtual_maize_field/build/lib/virtual_maize_field/world_generator/world_description.py -> /home/fede/ros2_ws/src/install/virtual_maize_field/lib/python3.10/site-packages/virtual_maize_field/world_generator
[0.761s] copying /home/fede/ros2_ws/src/build/virtual_maize_field/build/lib/virtual_maize_field/world_generator/field.world.template -> /home/fede/ros2_ws/src/install/virtual_maize_field/lib/python3.10/site-packages/virtual_maize_field/world_generator
[0.762s] copying /home/fede/ros2_ws/src/build/virtual_maize_field/build/lib/virtual_maize_field/generate_world.py -> /home/fede/ros2_ws/src/install/virtual_maize_field/lib/python3.10/site-packages/virtual_maize_field
[0.762s] byte-compiling /home/fede/ros2_ws/src/install/virtual_maize_field/lib/python3.10/site-packages/virtual_maize_field/world_generator/field_2d_generator.py to field_2d_generator.cpython-310.pyc
[0.765s] byte-compiling /home/fede/ros2_ws/src/install/virtual_maize_field/lib/python3.10/site-packages/virtual_maize_field/world_generator/world_description.py to world_description.cpython-310.pyc
[0.767s] byte-compiling /home/fede/ros2_ws/src/install/virtual_maize_field/lib/python3.10/site-packages/virtual_maize_field/generate_world.py to generate_world.cpython-310.pyc
[0.768s] running install_data
[0.768s] copying config/my_world.yaml -> /home/fede/ros2_ws/src/install/virtual_maize_field/share/virtual_maize_field/config
[0.769s] copying models/maize_02/model.sdf -> /home/fede/ros2_ws/src/install/virtual_maize_field/share/virtual_maize_field/models/maize_02
[0.771s] running install_egg_info
[0.772s] removing '/home/fede/ros2_ws/src/install/virtual_maize_field/lib/python3.10/site-packages/virtual_maize_field-5.0.0-py3.10.egg-info' (and everything under it)
[0.773s] Copying ../build/virtual_maize_field/virtual_maize_field.egg-info to /home/fede/ros2_ws/src/install/virtual_maize_field/lib/python3.10/site-packages/virtual_maize_field-5.0.0-py3.10.egg-info
[0.774s] running install_scripts
[0.789s] Installing generate_world script to /home/fede/ros2_ws/src/install/virtual_maize_field/lib/virtual_maize_field
[0.790s] writing list of installed files to '/home/fede/ros2_ws/src/build/virtual_maize_field/install.log'
[0.809s] Invoked command in '/home/fede/ros2_ws/src/virtual_maize_field' returned '0': PYTHONPATH=/home/fede/ros2_ws/src/build/virtual_maize_field/prefix_override:/usr/lib/python3/dist-packages/colcon_core/task/python/colcon_distutils_commands:/home/fede/ros2_ws/src/install/virtual_maize_field/lib/python3.10/site-packages:${PYTHONPATH} /usr/bin/python3 -W ignore:setup.py install is deprecated -W ignore:easy_install command is deprecated setup.py egg_info --egg-base ../build/virtual_maize_field build --build-base /home/fede/ros2_ws/src/build/virtual_maize_field/build install --record /home/fede/ros2_ws/src/build/virtual_maize_field/install.log --single-version-externally-managed install_data
