running egg_info
creating ../build/my_robot_drl/my_robot_drl.egg-info
writing ../build/my_robot_drl/my_robot_drl.egg-info/PKG-INFO
writing dependency_links to ../build/my_robot_drl/my_robot_drl.egg-info/dependency_links.txt
writing entry points to ../build/my_robot_drl/my_robot_drl.egg-info/entry_points.txt
writing requirements to ../build/my_robot_drl/my_robot_drl.egg-info/requires.txt
writing top-level names to ../build/my_robot_drl/my_robot_drl.egg-info/top_level.txt
writing manifest file '../build/my_robot_drl/my_robot_drl.egg-info/SOURCES.txt'
reading manifest file '../build/my_robot_drl/my_robot_drl.egg-info/SOURCES.txt'
adding license file 'LICENSE'
writing manifest file '../build/my_robot_drl/my_robot_drl.egg-info/SOURCES.txt'
running build
running build_py
creating /home/fede/ros2_ws/src/build/my_robot_drl/build
creating /home/fede/ros2_ws/src/build/my_robot_drl/build/lib
creating /home/fede/ros2_ws/src/build/my_robot_drl/build/lib/my_robot_drl
copying my_robot_drl/get_field_data.py -> /home/fede/ros2_ws/src/build/my_robot_drl/build/lib/my_robot_drl
copying my_robot_drl/drl_env.py -> /home/fede/ros2_ws/src/build/my_robot_drl/build/lib/my_robot_drl
copying my_robot_drl/waypoint_visualizer.py -> /home/fede/ros2_ws/src/build/my_robot_drl/build/lib/my_robot_drl
copying my_robot_drl/dense_waypoint.py -> /home/fede/ros2_ws/src/build/my_robot_drl/build/lib/my_robot_drl
copying my_robot_drl/train_agent.py -> /home/fede/ros2_ws/src/build/my_robot_drl/build/lib/my_robot_drl
copying my_robot_drl/test_uturn.py -> /home/fede/ros2_ws/src/build/my_robot_drl/build/lib/my_robot_drl
copying my_robot_drl/teleop_maize_env.py -> /home/fede/ros2_ws/src/build/my_robot_drl/build/lib/my_robot_drl
copying my_robot_drl/__init__.py -> /home/fede/ros2_ws/src/build/my_robot_drl/build/lib/my_robot_drl
running install
running install_lib
creating /home/fede/ros2_ws/src/install/my_robot_drl/lib/python3.10/site-packages/my_robot_drl
copying /home/fede/ros2_ws/src/build/my_robot_drl/build/lib/my_robot_drl/get_field_data.py -> /home/fede/ros2_ws/src/install/my_robot_drl/lib/python3.10/site-packages/my_robot_drl
copying /home/fede/ros2_ws/src/build/my_robot_drl/build/lib/my_robot_drl/drl_env.py -> /home/fede/ros2_ws/src/install/my_robot_drl/lib/python3.10/site-packages/my_robot_drl
copying /home/fede/ros2_ws/src/build/my_robot_drl/build/lib/my_robot_drl/waypoint_visualizer.py -> /home/fede/ros2_ws/src/install/my_robot_drl/lib/python3.10/site-packages/my_robot_drl
copying /home/fede/ros2_ws/src/build/my_robot_drl/build/lib/my_robot_drl/dense_waypoint.py -> /home/fede/ros2_ws/src/install/my_robot_drl/lib/python3.10/site-packages/my_robot_drl
copying /home/fede/ros2_ws/src/build/my_robot_drl/build/lib/my_robot_drl/train_agent.py -> /home/fede/ros2_ws/src/install/my_robot_drl/lib/python3.10/site-packages/my_robot_drl
copying /home/fede/ros2_ws/src/build/my_robot_drl/build/lib/my_robot_drl/test_uturn.py -> /home/fede/ros2_ws/src/install/my_robot_drl/lib/python3.10/site-packages/my_robot_drl
copying /home/fede/ros2_ws/src/build/my_robot_drl/build/lib/my_robot_drl/teleop_maize_env.py -> /home/fede/ros2_ws/src/install/my_robot_drl/lib/python3.10/site-packages/my_robot_drl
copying /home/fede/ros2_ws/src/build/my_robot_drl/build/lib/my_robot_drl/__init__.py -> /home/fede/ros2_ws/src/install/my_robot_drl/lib/python3.10/site-packages/my_robot_drl
byte-compiling /home/fede/ros2_ws/src/install/my_robot_drl/lib/python3.10/site-packages/my_robot_drl/get_field_data.py to get_field_data.cpython-310.pyc
byte-compiling /home/fede/ros2_ws/src/install/my_robot_drl/lib/python3.10/site-packages/my_robot_drl/drl_env.py to drl_env.cpython-310.pyc
byte-compiling /home/fede/ros2_ws/src/install/my_robot_drl/lib/python3.10/site-packages/my_robot_drl/waypoint_visualizer.py to waypoint_visualizer.cpython-310.pyc
byte-compiling /home/fede/ros2_ws/src/install/my_robot_drl/lib/python3.10/site-packages/my_robot_drl/dense_waypoint.py to dense_waypoint.cpython-310.pyc
byte-compiling /home/fede/ros2_ws/src/install/my_robot_drl/lib/python3.10/site-packages/my_robot_drl/train_agent.py to train_agent.cpython-310.pyc
byte-compiling /home/fede/ros2_ws/src/install/my_robot_drl/lib/python3.10/site-packages/my_robot_drl/test_uturn.py to test_uturn.cpython-310.pyc
byte-compiling /home/fede/ros2_ws/src/install/my_robot_drl/lib/python3.10/site-packages/my_robot_drl/teleop_maize_env.py to teleop_maize_env.cpython-310.pyc
byte-compiling /home/fede/ros2_ws/src/install/my_robot_drl/lib/python3.10/site-packages/my_robot_drl/__init__.py to __init__.cpython-310.pyc
running install_data
creating /home/fede/ros2_ws/src/install/my_robot_drl/share/ament_index
creating /home/fede/ros2_ws/src/install/my_robot_drl/share/ament_index/resource_index
creating /home/fede/ros2_ws/src/install/my_robot_drl/share/ament_index/resource_index/packages
copying resource/my_robot_drl -> /home/fede/ros2_ws/src/install/my_robot_drl/share/ament_index/resource_index/packages
copying package.xml -> /home/fede/ros2_ws/src/install/my_robot_drl/share/my_robot_drl
creating /home/fede/ros2_ws/src/install/my_robot_drl/share/my_robot_drl/models
creating /home/fede/ros2_ws/src/install/my_robot_drl/share/my_robot_drl/models/waypoint_box
copying models/waypoint_box/model.sdf -> /home/fede/ros2_ws/src/install/my_robot_drl/share/my_robot_drl/models/waypoint_box
copying models/waypoint_box/model.config -> /home/fede/ros2_ws/src/install/my_robot_drl/share/my_robot_drl/models/waypoint_box
creating /home/fede/ros2_ws/src/install/my_robot_drl/share/my_robot_drl/launch
copying launch/train_maize_nav.launch.py -> /home/fede/ros2_ws/src/install/my_robot_drl/share/my_robot_drl/launch
running install_egg_info
Copying ../build/my_robot_drl/my_robot_drl.egg-info to /home/fede/ros2_ws/src/install/my_robot_drl/lib/python3.10/site-packages/my_robot_drl-0.0.0-py3.10.egg-info
running install_scripts
Installing field_data_reader script to /home/fede/ros2_ws/src/install/my_robot_drl/lib/my_robot_drl
Installing teleop_maize_env = my_robot_drl.teleop_maize_env:maintest_uturn script to /home/fede/ros2_ws/src/install/my_robot_drl/lib/my_robot_drl
Installing train_agent script to /home/fede/ros2_ws/src/install/my_robot_drl/lib/my_robot_drl
Installing waypoint_visualizer script to /home/fede/ros2_ws/src/install/my_robot_drl/lib/my_robot_drl
writing list of installed files to '/home/fede/ros2_ws/src/build/my_robot_drl/install.log'
