[0.568s] Invoking command in '/home/fede/ros2_ws/src/maize_robot_bringup': AMENT_PREFIX_PATH=/home/fede/ros2_ws/src/install/my_tracked_robot_description:${AMENT_PREFIX_PATH} CMAKE_PREFIX_PATH=/home/fede/ros2_ws/src/install/my_tracked_robot_description:${CMAKE_PREFIX_PATH} PYTHONPATH=/home/fede/ros2_ws/src/build/maize_robot_bringup/prefix_override:/usr/lib/python3/dist-packages/colcon_core/task/python/colcon_distutils_commands:/home/fede/ros2_ws/src/install/maize_robot_bringup/lib/python3.10/site-packages:${PYTHONPATH} /usr/bin/python3 -W ignore:setup.py install is deprecated -W ignore:easy_install command is deprecated setup.py egg_info --egg-base ../build/maize_robot_bringup build --build-base /home/fede/ros2_ws/src/build/maize_robot_bringup/build install --record /home/fede/ros2_ws/src/build/maize_robot_bringup/install.log --single-version-externally-managed install_data
[0.729s] running egg_info
[0.729s] writing ../build/maize_robot_bringup/maize_robot_bringup.egg-info/PKG-INFO
[0.729s] writing dependency_links to ../build/maize_robot_bringup/maize_robot_bringup.egg-info/dependency_links.txt
[0.729s] writing entry points to ../build/maize_robot_bringup/maize_robot_bringup.egg-info/entry_points.txt
[0.729s] writing requirements to ../build/maize_robot_bringup/maize_robot_bringup.egg-info/requires.txt
[0.729s] writing top-level names to ../build/maize_robot_bringup/maize_robot_bringup.egg-info/top_level.txt
[0.730s] reading manifest file '../build/maize_robot_bringup/maize_robot_bringup.egg-info/SOURCES.txt'
[0.732s] writing manifest file '../build/maize_robot_bringup/maize_robot_bringup.egg-info/SOURCES.txt'
[0.732s] running build
[0.732s] running build_py
[0.732s] running install
[0.732s] running install_lib
[0.733s] running install_data
[0.733s] running install_egg_info
[0.734s] removing '/home/fede/ros2_ws/src/install/maize_robot_bringup/lib/python3.10/site-packages/maize_robot_bringup-0.0.0-py3.10.egg-info' (and everything under it)
[0.734s] Copying ../build/maize_robot_bringup/maize_robot_bringup.egg-info to /home/fede/ros2_ws/src/install/maize_robot_bringup/lib/python3.10/site-packages/maize_robot_bringup-0.0.0-py3.10.egg-info
[0.736s] running install_scripts
[0.750s] writing list of installed files to '/home/fede/ros2_ws/src/build/maize_robot_bringup/install.log'
[0.781s] Invoked command in '/home/fede/ros2_ws/src/maize_robot_bringup' returned '0': AMENT_PREFIX_PATH=/home/fede/ros2_ws/src/install/my_tracked_robot_description:${AMENT_PREFIX_PATH} CMAKE_PREFIX_PATH=/home/fede/ros2_ws/src/install/my_tracked_robot_description:${CMAKE_PREFIX_PATH} PYTHONPATH=/home/fede/ros2_ws/src/build/maize_robot_bringup/prefix_override:/usr/lib/python3/dist-packages/colcon_core/task/python/colcon_distutils_commands:/home/fede/ros2_ws/src/install/maize_robot_bringup/lib/python3.10/site-packages:${PYTHONPATH} /usr/bin/python3 -W ignore:setup.py install is deprecated -W ignore:easy_install command is deprecated setup.py egg_info --egg-base ../build/maize_robot_bringup build --build-base /home/fede/ros2_ws/src/build/maize_robot_bringup/build install --record /home/fede/ros2_ws/src/build/maize_robot_bringup/install.log --single-version-externally-managed install_data
