[0.571s] Invoking command in '/home/fede/ros2_ws/src/virtual_maize_field': PYTHONPATH=/home/fede/ros2_ws/src/build/virtual_maize_field/prefix_override:/usr/lib/python3/dist-packages/colcon_core/task/python/colcon_distutils_commands:/home/fede/ros2_ws/src/install/virtual_maize_field/lib/python3.10/site-packages:${PYTHONPATH} /usr/bin/python3 -W ignore:setup.py install is deprecated -W ignore:easy_install command is deprecated setup.py egg_info --egg-base ../build/virtual_maize_field build --build-base /home/fede/ros2_ws/src/build/virtual_maize_field/build install --record /home/fede/ros2_ws/src/build/virtual_maize_field/install.log --single-version-externally-managed install_data
[0.756s] running egg_info
[0.756s] writing ../build/virtual_maize_field/virtual_maize_field.egg-info/PKG-INFO
[0.757s] writing dependency_links to ../build/virtual_maize_field/virtual_maize_field.egg-info/dependency_links.txt
[0.757s] writing entry points to ../build/virtual_maize_field/virtual_maize_field.egg-info/entry_points.txt
[0.757s] writing requirements to ../build/virtual_maize_field/virtual_maize_field.egg-info/requires.txt
[0.757s] writing top-level names to ../build/virtual_maize_field/virtual_maize_field.egg-info/top_level.txt
[0.759s] reading manifest file '../build/virtual_maize_field/virtual_maize_field.egg-info/SOURCES.txt'
[0.760s] adding license file 'LICENSE'
[0.761s] writing manifest file '../build/virtual_maize_field/virtual_maize_field.egg-info/SOURCES.txt'
[0.761s] running build
[0.761s] running build_py
[0.763s] running install
[0.763s] running install_lib
[0.764s] running install_data
[0.766s] running install_egg_info
[0.767s] removing '/home/fede/ros2_ws/src/install/virtual_maize_field/lib/python3.10/site-packages/virtual_maize_field-5.0.0-py3.10.egg-info' (and everything under it)
[0.767s] Copying ../build/virtual_maize_field/virtual_maize_field.egg-info to /home/fede/ros2_ws/src/install/virtual_maize_field/lib/python3.10/site-packages/virtual_maize_field-5.0.0-py3.10.egg-info
[0.768s] running install_scripts
[0.786s] Installing generate_world script to /home/fede/ros2_ws/src/install/virtual_maize_field/lib/virtual_maize_field
[0.786s] writing list of installed files to '/home/fede/ros2_ws/src/build/virtual_maize_field/install.log'
[0.808s] Invoked command in '/home/fede/ros2_ws/src/virtual_maize_field' returned '0': PYTHONPATH=/home/fede/ros2_ws/src/build/virtual_maize_field/prefix_override:/usr/lib/python3/dist-packages/colcon_core/task/python/colcon_distutils_commands:/home/fede/ros2_ws/src/install/virtual_maize_field/lib/python3.10/site-packages:${PYTHONPATH} /usr/bin/python3 -W ignore:setup.py install is deprecated -W ignore:easy_install command is deprecated setup.py egg_info --egg-base ../build/virtual_maize_field build --build-base /home/fede/ros2_ws/src/build/virtual_maize_field/build install --record /home/fede/ros2_ws/src/build/virtual_maize_field/install.log --single-version-externally-managed install_data
