[0.036s] Invoking command in '/home/fede/ros2_ws/src/build/my_tracked_robot_description': CMAKE_PREFIX_PATH=${CMAKE_PREFIX_PATH}:/home/fede/ros2_ws/src/install/my_robot_drl:/home/fede/ros2_ws/src/install/virtual_maize_field:/home/fede/ros2_ws/src/install/maize_robot_bringup:/home/fede/ros2_ws/install/my_robot_drl:/home/fede/ros2_ws/install/virtual_maize_field:/home/fede/ros2_ws/install/maize_robot_bringup:/opt/ros/humble /usr/bin/cmake --build /home/fede/ros2_ws/src/build/my_tracked_robot_description -- -j16 -l16
[0.336s] Invoked command in '/home/fede/ros2_ws/src/build/my_tracked_robot_description' returned '0': CMAKE_PREFIX_PATH=${CMAKE_PREFIX_PATH}:/home/fede/ros2_ws/src/install/my_robot_drl:/home/fede/ros2_ws/src/install/virtual_maize_field:/home/fede/ros2_ws/src/install/maize_robot_bringup:/home/fede/ros2_ws/install/my_robot_drl:/home/fede/ros2_ws/install/virtual_maize_field:/home/fede/ros2_ws/install/maize_robot_bringup:/opt/ros/humble /usr/bin/cmake --build /home/fede/ros2_ws/src/build/my_tracked_robot_description -- -j16 -l16
[0.356s] Invoking command in '/home/fede/ros2_ws/src/build/my_tracked_robot_description': CMAKE_PREFIX_PATH=${CMAKE_PREFIX_PATH}:/home/fede/ros2_ws/src/install/my_robot_drl:/home/fede/ros2_ws/src/install/virtual_maize_field:/home/fede/ros2_ws/src/install/maize_robot_bringup:/home/fede/ros2_ws/install/my_robot_drl:/home/fede/ros2_ws/install/virtual_maize_field:/home/fede/ros2_ws/install/maize_robot_bringup:/opt/ros/humble /usr/bin/cmake --install /home/fede/ros2_ws/src/build/my_tracked_robot_description
[0.380s] -- Install configuration: ""
[0.380s] -- Up-to-date: /home/fede/ros2_ws/src/install/my_tracked_robot_description/share/my_tracked_robot_description/launch
[0.380s] -- Up-to-date: /home/fede/ros2_ws/src/install/my_tracked_robot_description/share/my_tracked_robot_description/launch/robot_state_publisher.launch.py
[0.385s] -- Up-to-date: /home/fede/ros2_ws/src/install/my_tracked_robot_description/share/my_tracked_robot_description/urdf
[0.385s] -- Up-to-date: /home/fede/ros2_ws/src/install/my_tracked_robot_description/share/my_tracked_robot_description/urdf/diff_bot.urdf.xacro
[0.385s] -- Up-to-date: /home/fede/ros2_ws/src/install/my_tracked_robot_description/share/my_tracked_robot_description/urdf/tracked_robot.urdf.xacro
[0.386s] -- Up-to-date: /home/fede/ros2_ws/src/install/my_tracked_robot_description/share/my_tracked_robot_description/urdf/car_robot.urdf.xacro
[0.386s] -- Up-to-date: /home/fede/ros2_ws/src/install/my_tracked_robot_description/share/ament_index/resource_index/package_run_dependencies/my_tracked_robot_description
[0.386s] -- Up-to-date: /home/fede/ros2_ws/src/install/my_tracked_robot_description/share/ament_index/resource_index/parent_prefix_path/my_tracked_robot_description
[0.386s] -- Up-to-date: /home/fede/ros2_ws/src/install/my_tracked_robot_description/share/my_tracked_robot_description/environment/ament_prefix_path.sh
[0.386s] -- Up-to-date: /home/fede/ros2_ws/src/install/my_tracked_robot_description/share/my_tracked_robot_description/environment/ament_prefix_path.dsv
[0.387s] -- Up-to-date: /home/fede/ros2_ws/src/install/my_tracked_robot_description/share/my_tracked_robot_description/environment/path.sh
[0.388s] -- Up-to-date: /home/fede/ros2_ws/src/install/my_tracked_robot_description/share/my_tracked_robot_description/environment/path.dsv
[0.388s] -- Up-to-date: /home/fede/ros2_ws/src/install/my_tracked_robot_description/share/my_tracked_robot_description/local_setup.bash
[0.388s] -- Up-to-date: /home/fede/ros2_ws/src/install/my_tracked_robot_description/share/my_tracked_robot_description/local_setup.sh
[0.388s] -- Up-to-date: /home/fede/ros2_ws/src/install/my_tracked_robot_description/share/my_tracked_robot_description/local_setup.zsh
[0.388s] -- Up-to-date: /home/fede/ros2_ws/src/install/my_tracked_robot_description/share/my_tracked_robot_description/local_setup.dsv
[0.388s] -- Installing: /home/fede/ros2_ws/src/install/my_tracked_robot_description/share/my_tracked_robot_description/package.dsv
[0.389s] -- Up-to-date: /home/fede/ros2_ws/src/install/my_tracked_robot_description/share/ament_index/resource_index/packages/my_tracked_robot_description
[0.389s] -- Up-to-date: /home/fede/ros2_ws/src/install/my_tracked_robot_description/share/my_tracked_robot_description/cmake/my_tracked_robot_descriptionConfig.cmake
[0.389s] -- Up-to-date: /home/fede/ros2_ws/src/install/my_tracked_robot_description/share/my_tracked_robot_description/cmake/my_tracked_robot_descriptionConfig-version.cmake
[0.389s] -- Up-to-date: /home/fede/ros2_ws/src/install/my_tracked_robot_description/share/my_tracked_robot_description/package.xml
[0.391s] Invoked command in '/home/fede/ros2_ws/src/build/my_tracked_robot_description' returned '0': CMAKE_PREFIX_PATH=${CMAKE_PREFIX_PATH}:/home/fede/ros2_ws/src/install/my_robot_drl:/home/fede/ros2_ws/src/install/virtual_maize_field:/home/fede/ros2_ws/src/install/maize_robot_bringup:/home/fede/ros2_ws/install/my_robot_drl:/home/fede/ros2_ws/install/virtual_maize_field:/home/fede/ros2_ws/install/maize_robot_bringup:/opt/ros/humble /usr/bin/cmake --install /home/fede/ros2_ws/src/build/my_tracked_robot_description
