[0.684s] DEBUG:colcon:Command line arguments: ['/usr/bin/colcon', 'build']
[0.685s] DEBUG:colcon:Parsed command line arguments: Namespace(log_base=None, log_level=None, verb_name='build', build_base='build', install_base='install', merge_install=False, symlink_install=False, test_result_base=None, continue_on_error=False, executor='parallel', parallel_workers=16, event_handlers=None, ignore_user_meta=False, metas=['./colcon.meta'], base_paths=['.'], packages_ignore=None, packages_ignore_regex=None, paths=None, packages_up_to=None, packages_up_to_regex=None, packages_above=None, packages_above_and_dependencies=None, packages_above_depth=None, packages_select_by_dep=None, packages_skip_by_dep=None, packages_skip_up_to=None, packages_select_build_failed=False, packages_skip_build_finished=False, packages_select_test_failures=False, packages_skip_test_passed=False, packages_select=None, packages_skip=None, packages_select_regex=None, packages_skip_regex=None, packages_start=None, packages_end=None, allow_overriding=[], cmake_args=None, cmake_target=None, cmake_target_skip_unavailable=False, cmake_clean_cache=False, cmake_clean_first=False, cmake_force_configure=False, ament_cmake_args=None, catkin_cmake_args=None, catkin_skip_building_tests=False, mixin_files=None, mixin=None, verb_parser=<colcon_mixin.mixin.mixin_argument.MixinArgumentDecorator object at 0x764083b56d70>, verb_extension=<colcon_core.verb.build.BuildVerb object at 0x764083c67c10>, main=<bound method BuildVerb.main of <colcon_core.verb.build.BuildVerb object at 0x764083c67c10>>, mixin_verb=('build',))
[0.999s] Level 1:colcon.colcon_core.package_discovery:discover_packages(colcon_meta) check parameters
[0.999s] Level 1:colcon.colcon_core.package_discovery:discover_packages(recursive) check parameters
[0.999s] Level 1:colcon.colcon_core.package_discovery:discover_packages(ignore) check parameters
[0.999s] Level 1:colcon.colcon_core.package_discovery:discover_packages(path) check parameters
[0.999s] Level 1:colcon.colcon_core.package_discovery:discover_packages(colcon_meta) discover
[0.999s] Level 1:colcon.colcon_core.package_discovery:discover_packages(recursive) discover
[0.999s] INFO:colcon.colcon_core.package_discovery:Crawling recursively for packages in '/home/fede/ros2_ws/src'
[1.000s] Level 1:colcon.colcon_core.package_identification:_identify(.) by extensions ['ignore', 'ignore_ament_install']
[1.000s] Level 1:colcon.colcon_core.package_identification:_identify(.) by extension 'ignore'
[1.000s] Level 1:colcon.colcon_core.package_identification:_identify(.) by extension 'ignore_ament_install'
[1.000s] Level 1:colcon.colcon_core.package_identification:_identify(.) by extensions ['colcon_pkg']
[1.000s] Level 1:colcon.colcon_core.package_identification:_identify(.) by extension 'colcon_pkg'
[1.000s] Level 1:colcon.colcon_core.package_identification:_identify(.) by extensions ['colcon_meta']
[1.000s] Level 1:colcon.colcon_core.package_identification:_identify(.) by extension 'colcon_meta'
[1.000s] Level 1:colcon.colcon_core.package_identification:_identify(.) by extensions ['ros']
[1.000s] Level 1:colcon.colcon_core.package_identification:_identify(.) by extension 'ros'
[1.020s] Level 1:colcon.colcon_core.package_identification:_identify(.) by extensions ['cmake', 'python']
[1.020s] Level 1:colcon.colcon_core.package_identification:_identify(.) by extension 'cmake'
[1.020s] Level 1:colcon.colcon_core.package_identification:_identify(.) by extension 'python'
[1.020s] Level 1:colcon.colcon_core.package_identification:_identify(.) by extensions ['python_setup_py']
[1.020s] Level 1:colcon.colcon_core.package_identification:_identify(.) by extension 'python_setup_py'
[1.021s] Level 1:colcon.colcon_core.package_identification:_identify(build) by extensions ['ignore', 'ignore_ament_install']
[1.021s] Level 1:colcon.colcon_core.package_identification:_identify(build) by extension 'ignore'
[1.021s] Level 1:colcon.colcon_core.package_identification:_identify(build) ignored
[1.022s] Level 1:colcon.colcon_core.package_identification:_identify(install) by extensions ['ignore', 'ignore_ament_install']
[1.022s] Level 1:colcon.colcon_core.package_identification:_identify(install) by extension 'ignore'
[1.022s] Level 1:colcon.colcon_core.package_identification:_identify(install) ignored
[1.022s] Level 1:colcon.colcon_core.package_identification:_identify(log) by extensions ['ignore', 'ignore_ament_install']
[1.022s] Level 1:colcon.colcon_core.package_identification:_identify(log) by extension 'ignore'
[1.022s] Level 1:colcon.colcon_core.package_identification:_identify(log) ignored
[1.023s] Level 1:colcon.colcon_core.package_identification:_identify(maize_robot_bringup) by extensions ['ignore', 'ignore_ament_install']
[1.023s] Level 1:colcon.colcon_core.package_identification:_identify(maize_robot_bringup) by extension 'ignore'
[1.023s] Level 1:colcon.colcon_core.package_identification:_identify(maize_robot_bringup) by extension 'ignore_ament_install'
[1.023s] Level 1:colcon.colcon_core.package_identification:_identify(maize_robot_bringup) by extensions ['colcon_pkg']
[1.023s] Level 1:colcon.colcon_core.package_identification:_identify(maize_robot_bringup) by extension 'colcon_pkg'
[1.023s] Level 1:colcon.colcon_core.package_identification:_identify(maize_robot_bringup) by extensions ['colcon_meta']
[1.023s] Level 1:colcon.colcon_core.package_identification:_identify(maize_robot_bringup) by extension 'colcon_meta'
[1.023s] Level 1:colcon.colcon_core.package_identification:_identify(maize_robot_bringup) by extensions ['ros']
[1.023s] Level 1:colcon.colcon_core.package_identification:_identify(maize_robot_bringup) by extension 'ros'
[1.028s] DEBUG:colcon.colcon_core.package_identification:Package 'maize_robot_bringup' with type 'ros.ament_python' and name 'maize_robot_bringup'
[1.028s] Level 1:colcon.colcon_core.package_identification:_identify(my_robot_drl) by extensions ['ignore', 'ignore_ament_install']
[1.028s] Level 1:colcon.colcon_core.package_identification:_identify(my_robot_drl) by extension 'ignore'
[1.028s] Level 1:colcon.colcon_core.package_identification:_identify(my_robot_drl) by extension 'ignore_ament_install'
[1.028s] Level 1:colcon.colcon_core.package_identification:_identify(my_robot_drl) by extensions ['colcon_pkg']
[1.028s] Level 1:colcon.colcon_core.package_identification:_identify(my_robot_drl) by extension 'colcon_pkg'
[1.028s] Level 1:colcon.colcon_core.package_identification:_identify(my_robot_drl) by extensions ['colcon_meta']
[1.028s] Level 1:colcon.colcon_core.package_identification:_identify(my_robot_drl) by extension 'colcon_meta'
[1.028s] Level 1:colcon.colcon_core.package_identification:_identify(my_robot_drl) by extensions ['ros']
[1.028s] Level 1:colcon.colcon_core.package_identification:_identify(my_robot_drl) by extension 'ros'
[1.029s] DEBUG:colcon.colcon_core.package_identification:Package 'my_robot_drl' with type 'ros.ament_python' and name 'my_robot_drl'
[1.030s] Level 1:colcon.colcon_core.package_identification:_identify(my_tracked_robot_description) by extensions ['ignore', 'ignore_ament_install']
[1.030s] Level 1:colcon.colcon_core.package_identification:_identify(my_tracked_robot_description) by extension 'ignore'
[1.030s] Level 1:colcon.colcon_core.package_identification:_identify(my_tracked_robot_description) by extension 'ignore_ament_install'
[1.030s] Level 1:colcon.colcon_core.package_identification:_identify(my_tracked_robot_description) by extensions ['colcon_pkg']
[1.030s] Level 1:colcon.colcon_core.package_identification:_identify(my_tracked_robot_description) by extension 'colcon_pkg'
[1.030s] Level 1:colcon.colcon_core.package_identification:_identify(my_tracked_robot_description) by extensions ['colcon_meta']
[1.030s] Level 1:colcon.colcon_core.package_identification:_identify(my_tracked_robot_description) by extension 'colcon_meta'
[1.030s] Level 1:colcon.colcon_core.package_identification:_identify(my_tracked_robot_description) by extensions ['ros']
[1.030s] Level 1:colcon.colcon_core.package_identification:_identify(my_tracked_robot_description) by extension 'ros'
[1.031s] DEBUG:colcon.colcon_core.package_identification:Package 'my_tracked_robot_description' with type 'ros.ament_cmake' and name 'my_tracked_robot_description'
[1.032s] Level 1:colcon.colcon_core.package_identification:_identify(virtual_maize_field) by extensions ['ignore', 'ignore_ament_install']
[1.032s] Level 1:colcon.colcon_core.package_identification:_identify(virtual_maize_field) by extension 'ignore'
[1.032s] Level 1:colcon.colcon_core.package_identification:_identify(virtual_maize_field) by extension 'ignore_ament_install'
[1.032s] Level 1:colcon.colcon_core.package_identification:_identify(virtual_maize_field) by extensions ['colcon_pkg']
[1.032s] Level 1:colcon.colcon_core.package_identification:_identify(virtual_maize_field) by extension 'colcon_pkg'
[1.032s] Level 1:colcon.colcon_core.package_identification:_identify(virtual_maize_field) by extensions ['colcon_meta']
[1.032s] Level 1:colcon.colcon_core.package_identification:_identify(virtual_maize_field) by extension 'colcon_meta'
[1.032s] Level 1:colcon.colcon_core.package_identification:_identify(virtual_maize_field) by extensions ['ros']
[1.032s] Level 1:colcon.colcon_core.package_identification:_identify(virtual_maize_field) by extension 'ros'
[1.033s] DEBUG:colcon.colcon_core.package_identification:Package 'virtual_maize_field' with type 'ros.ament_python' and name 'virtual_maize_field'
[1.033s] Level 1:colcon.colcon_core.package_discovery:discover_packages(recursive) using defaults
[1.033s] Level 1:colcon.colcon_core.package_discovery:discover_packages(ignore) discover
[1.033s] Level 1:colcon.colcon_core.package_discovery:discover_packages(ignore) using defaults
[1.033s] Level 1:colcon.colcon_core.package_discovery:discover_packages(path) discover
[1.033s] Level 1:colcon.colcon_core.package_discovery:discover_packages(path) using defaults
[1.087s] Level 1:colcon.colcon_core.package_discovery:discover_packages(prefix_path) check parameters
[1.087s] Level 1:colcon.colcon_core.package_discovery:discover_packages(prefix_path) discover
[1.095s] DEBUG:colcon.colcon_installed_package_information.package_discovery:Found 4 installed packages in /home/fede/ros2_ws/install
[1.098s] DEBUG:colcon.colcon_installed_package_information.package_discovery:Found 305 installed packages in /opt/ros/humble
[1.099s] Level 1:colcon.colcon_core.package_discovery:discover_packages(prefix_path) using defaults
[1.206s] Level 5:colcon.colcon_core.verb:set package 'my_tracked_robot_description' build argument 'cmake_args' from command line to 'None'
[1.206s] Level 5:colcon.colcon_core.verb:set package 'my_tracked_robot_description' build argument 'cmake_target' from command line to 'None'
[1.206s] Level 5:colcon.colcon_core.verb:set package 'my_tracked_robot_description' build argument 'cmake_target_skip_unavailable' from command line to 'False'
[1.206s] Level 5:colcon.colcon_core.verb:set package 'my_tracked_robot_description' build argument 'cmake_clean_cache' from command line to 'False'
[1.206s] Level 5:colcon.colcon_core.verb:set package 'my_tracked_robot_description' build argument 'cmake_clean_first' from command line to 'False'
[1.206s] Level 5:colcon.colcon_core.verb:set package 'my_tracked_robot_description' build argument 'cmake_force_configure' from command line to 'False'
[1.206s] Level 5:colcon.colcon_core.verb:set package 'my_tracked_robot_description' build argument 'ament_cmake_args' from command line to 'None'
[1.206s] Level 5:colcon.colcon_core.verb:set package 'my_tracked_robot_description' build argument 'catkin_cmake_args' from command line to 'None'
[1.206s] Level 5:colcon.colcon_core.verb:set package 'my_tracked_robot_description' build argument 'catkin_skip_building_tests' from command line to 'False'
[1.206s] DEBUG:colcon.colcon_core.verb:Building package 'my_tracked_robot_description' with the following arguments: {'ament_cmake_args': None, 'build_base': '/home/fede/ros2_ws/src/build/my_tracked_robot_description', 'catkin_cmake_args': None, 'catkin_skip_building_tests': False, 'cmake_args': None, 'cmake_clean_cache': False, 'cmake_clean_first': False, 'cmake_force_configure': False, 'cmake_target': None, 'cmake_target_skip_unavailable': False, 'install_base': '/home/fede/ros2_ws/src/install/my_tracked_robot_description', 'merge_install': False, 'path': '/home/fede/ros2_ws/src/my_tracked_robot_description', 'symlink_install': False, 'test_result_base': None}
[1.206s] Level 5:colcon.colcon_core.verb:set package 'virtual_maize_field' build argument 'cmake_args' from command line to 'None'
[1.207s] Level 5:colcon.colcon_core.verb:set package 'virtual_maize_field' build argument 'cmake_target' from command line to 'None'
[1.207s] Level 5:colcon.colcon_core.verb:set package 'virtual_maize_field' build argument 'cmake_target_skip_unavailable' from command line to 'False'
[1.207s] Level 5:colcon.colcon_core.verb:set package 'virtual_maize_field' build argument 'cmake_clean_cache' from command line to 'False'
[1.207s] Level 5:colcon.colcon_core.verb:set package 'virtual_maize_field' build argument 'cmake_clean_first' from command line to 'False'
[1.207s] Level 5:colcon.colcon_core.verb:set package 'virtual_maize_field' build argument 'cmake_force_configure' from command line to 'False'
[1.207s] Level 5:colcon.colcon_core.verb:set package 'virtual_maize_field' build argument 'ament_cmake_args' from command line to 'None'
[1.207s] Level 5:colcon.colcon_core.verb:set package 'virtual_maize_field' build argument 'catkin_cmake_args' from command line to 'None'
[1.207s] Level 5:colcon.colcon_core.verb:set package 'virtual_maize_field' build argument 'catkin_skip_building_tests' from command line to 'False'
[1.207s] DEBUG:colcon.colcon_core.verb:Building package 'virtual_maize_field' with the following arguments: {'ament_cmake_args': None, 'build_base': '/home/fede/ros2_ws/src/build/virtual_maize_field', 'catkin_cmake_args': None, 'catkin_skip_building_tests': False, 'cmake_args': None, 'cmake_clean_cache': False, 'cmake_clean_first': False, 'cmake_force_configure': False, 'cmake_target': None, 'cmake_target_skip_unavailable': False, 'install_base': '/home/fede/ros2_ws/src/install/virtual_maize_field', 'merge_install': False, 'path': '/home/fede/ros2_ws/src/virtual_maize_field', 'symlink_install': False, 'test_result_base': None}
[1.207s] Level 5:colcon.colcon_core.verb:set package 'maize_robot_bringup' build argument 'cmake_args' from command line to 'None'
[1.207s] Level 5:colcon.colcon_core.verb:set package 'maize_robot_bringup' build argument 'cmake_target' from command line to 'None'
[1.207s] Level 5:colcon.colcon_core.verb:set package 'maize_robot_bringup' build argument 'cmake_target_skip_unavailable' from command line to 'False'
[1.207s] Level 5:colcon.colcon_core.verb:set package 'maize_robot_bringup' build argument 'cmake_clean_cache' from command line to 'False'
[1.207s] Level 5:colcon.colcon_core.verb:set package 'maize_robot_bringup' build argument 'cmake_clean_first' from command line to 'False'
[1.207s] Level 5:colcon.colcon_core.verb:set package 'maize_robot_bringup' build argument 'cmake_force_configure' from command line to 'False'
[1.207s] Level 5:colcon.colcon_core.verb:set package 'maize_robot_bringup' build argument 'ament_cmake_args' from command line to 'None'
[1.207s] Level 5:colcon.colcon_core.verb:set package 'maize_robot_bringup' build argument 'catkin_cmake_args' from command line to 'None'
[1.207s] Level 5:colcon.colcon_core.verb:set package 'maize_robot_bringup' build argument 'catkin_skip_building_tests' from command line to 'False'
[1.207s] DEBUG:colcon.colcon_core.verb:Building package 'maize_robot_bringup' with the following arguments: {'ament_cmake_args': None, 'build_base': '/home/fede/ros2_ws/src/build/maize_robot_bringup', 'catkin_cmake_args': None, 'catkin_skip_building_tests': False, 'cmake_args': None, 'cmake_clean_cache': False, 'cmake_clean_first': False, 'cmake_force_configure': False, 'cmake_target': None, 'cmake_target_skip_unavailable': False, 'install_base': '/home/fede/ros2_ws/src/install/maize_robot_bringup', 'merge_install': False, 'path': '/home/fede/ros2_ws/src/maize_robot_bringup', 'symlink_install': False, 'test_result_base': None}
[1.207s] Level 5:colcon.colcon_core.verb:set package 'my_robot_drl' build argument 'cmake_args' from command line to 'None'
[1.207s] Level 5:colcon.colcon_core.verb:set package 'my_robot_drl' build argument 'cmake_target' from command line to 'None'
[1.207s] Level 5:colcon.colcon_core.verb:set package 'my_robot_drl' build argument 'cmake_target_skip_unavailable' from command line to 'False'
[1.207s] Level 5:colcon.colcon_core.verb:set package 'my_robot_drl' build argument 'cmake_clean_cache' from command line to 'False'
[1.207s] Level 5:colcon.colcon_core.verb:set package 'my_robot_drl' build argument 'cmake_clean_first' from command line to 'False'
[1.207s] Level 5:colcon.colcon_core.verb:set package 'my_robot_drl' build argument 'cmake_force_configure' from command line to 'False'
[1.207s] Level 5:colcon.colcon_core.verb:set package 'my_robot_drl' build argument 'ament_cmake_args' from command line to 'None'
[1.207s] Level 5:colcon.colcon_core.verb:set package 'my_robot_drl' build argument 'catkin_cmake_args' from command line to 'None'
[1.207s] Level 5:colcon.colcon_core.verb:set package 'my_robot_drl' build argument 'catkin_skip_building_tests' from command line to 'False'
[1.207s] DEBUG:colcon.colcon_core.verb:Building package 'my_robot_drl' with the following arguments: {'ament_cmake_args': None, 'build_base': '/home/fede/ros2_ws/src/build/my_robot_drl', 'catkin_cmake_args': None, 'catkin_skip_building_tests': False, 'cmake_args': None, 'cmake_clean_cache': False, 'cmake_clean_first': False, 'cmake_force_configure': False, 'cmake_target': None, 'cmake_target_skip_unavailable': False, 'install_base': '/home/fede/ros2_ws/src/install/my_robot_drl', 'merge_install': False, 'path': '/home/fede/ros2_ws/src/my_robot_drl', 'symlink_install': False, 'test_result_base': None}
[1.208s] INFO:colcon.colcon_core.executor:Executing jobs using 'parallel' executor
[1.208s] DEBUG:colcon.colcon_parallel_executor.executor.parallel:run_until_complete
[1.209s] INFO:colcon.colcon_ros.task.ament_cmake.build:Building ROS package in '/home/fede/ros2_ws/src/my_tracked_robot_description' with build type 'ament_cmake'
[1.210s] INFO:colcon.colcon_cmake.task.cmake.build:Building CMake package in '/home/fede/ros2_ws/src/my_tracked_robot_description'
[1.218s] INFO:colcon.colcon_core.plugin_system:Skipping extension 'colcon_core.shell.bat': Not used on non-Windows systems
[1.218s] INFO:colcon.colcon_core.shell:Skip shell extension 'powershell' for command environment: Not usable outside of PowerShell
[1.218s] DEBUG:colcon.colcon_core.shell:Skip shell extension 'dsv' for command environment
[1.224s] INFO:colcon.colcon_ros.task.ament_python.build:Building ROS package in '/home/fede/ros2_ws/src/virtual_maize_field' with build type 'ament_python'
[1.224s] Level 1:colcon.colcon_core.shell:create_environment_hook('virtual_maize_field', 'ament_prefix_path')
[1.224s] INFO:colcon.colcon_core.shell:Creating environment hook '/home/fede/ros2_ws/src/install/virtual_maize_field/share/virtual_maize_field/hook/ament_prefix_path.ps1'
[1.226s] INFO:colcon.colcon_core.shell:Creating environment descriptor '/home/fede/ros2_ws/src/install/virtual_maize_field/share/virtual_maize_field/hook/ament_prefix_path.dsv'
[1.227s] INFO:colcon.colcon_core.shell:Creating environment hook '/home/fede/ros2_ws/src/install/virtual_maize_field/share/virtual_maize_field/hook/ament_prefix_path.sh'
[1.228s] INFO:colcon.colcon_core.shell:Skip shell extension 'powershell' for command environment: Not usable outside of PowerShell
[1.228s] DEBUG:colcon.colcon_core.shell:Skip shell extension 'dsv' for command environment
[1.236s] DEBUG:colcon.colcon_core.event_handler.log_command:Invoking command in '/home/fede/ros2_ws/src/build/my_tracked_robot_description': CMAKE_PREFIX_PATH=${CMAKE_PREFIX_PATH}:/home/fede/ros2_ws/install/my_robot_drl:/home/fede/ros2_ws/install/virtual_maize_field:/home/fede/ros2_ws/install/maize_robot_bringup:/opt/ros/humble /usr/bin/cmake --build /home/fede/ros2_ws/src/build/my_tracked_robot_description -- -j16 -l16
[1.558s] INFO:colcon.colcon_core.task.python.build:Building Python package in '/home/fede/ros2_ws/src/virtual_maize_field'
[1.559s] INFO:colcon.colcon_core.shell:Skip shell extension 'powershell' for command environment: Not usable outside of PowerShell
[1.559s] DEBUG:colcon.colcon_core.shell:Skip shell extension 'dsv' for command environment
[1.564s] DEBUG:colcon.colcon_core.event_handler.log_command:Invoked command in '/home/fede/ros2_ws/src/build/my_tracked_robot_description' returned '0': CMAKE_PREFIX_PATH=${CMAKE_PREFIX_PATH}:/home/fede/ros2_ws/install/my_robot_drl:/home/fede/ros2_ws/install/virtual_maize_field:/home/fede/ros2_ws/install/maize_robot_bringup:/opt/ros/humble /usr/bin/cmake --build /home/fede/ros2_ws/src/build/my_tracked_robot_description -- -j16 -l16
[1.576s] DEBUG:colcon.colcon_core.event_handler.log_command:Invoking command in '/home/fede/ros2_ws/src/build/my_tracked_robot_description': CMAKE_PREFIX_PATH=${CMAKE_PREFIX_PATH}:/home/fede/ros2_ws/install/my_robot_drl:/home/fede/ros2_ws/install/virtual_maize_field:/home/fede/ros2_ws/install/maize_robot_bringup:/opt/ros/humble /usr/bin/cmake --install /home/fede/ros2_ws/src/build/my_tracked_robot_description
[1.588s] Level 1:colcon.colcon_core.environment:create_environment_scripts_only(my_tracked_robot_description)
[1.588s] DEBUG:colcon.colcon_core.event_handler.log_command:Invoked command in '/home/fede/ros2_ws/src/build/my_tracked_robot_description' returned '0': CMAKE_PREFIX_PATH=${CMAKE_PREFIX_PATH}:/home/fede/ros2_ws/install/my_robot_drl:/home/fede/ros2_ws/install/virtual_maize_field:/home/fede/ros2_ws/install/maize_robot_bringup:/opt/ros/humble /usr/bin/cmake --install /home/fede/ros2_ws/src/build/my_tracked_robot_description
[1.595s] Level 1:colcon.colcon_core.environment:checking '/home/fede/ros2_ws/src/install/my_tracked_robot_description' for CMake module files
[1.596s] Level 1:colcon.colcon_core.environment:checking '/home/fede/ros2_ws/src/install/my_tracked_robot_description' for CMake config files
[1.596s] Level 1:colcon.colcon_core.shell:create_environment_hook('my_tracked_robot_description', 'cmake_prefix_path')
[1.596s] INFO:colcon.colcon_core.shell:Creating environment hook '/home/fede/ros2_ws/src/install/my_tracked_robot_description/share/my_tracked_robot_description/hook/cmake_prefix_path.ps1'
[1.597s] INFO:colcon.colcon_core.shell:Creating environment descriptor '/home/fede/ros2_ws/src/install/my_tracked_robot_description/share/my_tracked_robot_description/hook/cmake_prefix_path.dsv'
[1.597s] INFO:colcon.colcon_core.shell:Creating environment hook '/home/fede/ros2_ws/src/install/my_tracked_robot_description/share/my_tracked_robot_description/hook/cmake_prefix_path.sh'
[1.598s] Level 1:colcon.colcon_core.environment:checking '/home/fede/ros2_ws/src/install/my_tracked_robot_description/bin'
[1.598s] Level 1:colcon.colcon_core.environment:checking '/home/fede/ros2_ws/src/install/my_tracked_robot_description/lib/pkgconfig/my_tracked_robot_description.pc'
[1.598s] Level 1:colcon.colcon_core.environment:checking '/home/fede/ros2_ws/src/install/my_tracked_robot_description/lib/python3.10/site-packages'
[1.598s] Level 1:colcon.colcon_core.environment:checking '/home/fede/ros2_ws/src/install/my_tracked_robot_description/bin'
[1.598s] INFO:colcon.colcon_core.shell:Creating package script '/home/fede/ros2_ws/src/install/my_tracked_robot_description/share/my_tracked_robot_description/package.ps1'
[1.599s] INFO:colcon.colcon_core.shell:Creating package descriptor '/home/fede/ros2_ws/src/install/my_tracked_robot_description/share/my_tracked_robot_description/package.dsv'
[1.600s] INFO:colcon.colcon_core.shell:Creating package script '/home/fede/ros2_ws/src/install/my_tracked_robot_description/share/my_tracked_robot_description/package.sh'
[1.601s] INFO:colcon.colcon_core.shell:Creating package script '/home/fede/ros2_ws/src/install/my_tracked_robot_description/share/my_tracked_robot_description/package.bash'
[1.602s] INFO:colcon.colcon_core.shell:Creating package script '/home/fede/ros2_ws/src/install/my_tracked_robot_description/share/my_tracked_robot_description/package.zsh'
[1.603s] Level 1:colcon.colcon_core.environment:create_file_with_runtime_dependencies(/home/fede/ros2_ws/src/install/my_tracked_robot_description/share/colcon-core/packages/my_tracked_robot_description)
[1.603s] Level 1:colcon.colcon_core.environment:create_environment_scripts_only(my_tracked_robot_description)
[1.603s] Level 1:colcon.colcon_core.environment:checking '/home/fede/ros2_ws/src/install/my_tracked_robot_description' for CMake module files
[1.604s] Level 1:colcon.colcon_core.environment:checking '/home/fede/ros2_ws/src/install/my_tracked_robot_description' for CMake config files
[1.604s] Level 1:colcon.colcon_core.shell:create_environment_hook('my_tracked_robot_description', 'cmake_prefix_path')
[1.604s] INFO:colcon.colcon_core.shell:Creating environment hook '/home/fede/ros2_ws/src/install/my_tracked_robot_description/share/my_tracked_robot_description/hook/cmake_prefix_path.ps1'
[1.605s] INFO:colcon.colcon_core.shell:Creating environment descriptor '/home/fede/ros2_ws/src/install/my_tracked_robot_description/share/my_tracked_robot_description/hook/cmake_prefix_path.dsv'
[1.605s] INFO:colcon.colcon_core.shell:Creating environment hook '/home/fede/ros2_ws/src/install/my_tracked_robot_description/share/my_tracked_robot_description/hook/cmake_prefix_path.sh'
[1.606s] Level 1:colcon.colcon_core.environment:checking '/home/fede/ros2_ws/src/install/my_tracked_robot_description/bin'
[1.606s] Level 1:colcon.colcon_core.environment:checking '/home/fede/ros2_ws/src/install/my_tracked_robot_description/lib/pkgconfig/my_tracked_robot_description.pc'
[1.606s] Level 1:colcon.colcon_core.environment:checking '/home/fede/ros2_ws/src/install/my_tracked_robot_description/lib/python3.10/site-packages'
[1.606s] Level 1:colcon.colcon_core.environment:checking '/home/fede/ros2_ws/src/install/my_tracked_robot_description/bin'
[1.607s] INFO:colcon.colcon_core.shell:Creating package script '/home/fede/ros2_ws/src/install/my_tracked_robot_description/share/my_tracked_robot_description/package.ps1'
[1.607s] INFO:colcon.colcon_core.shell:Creating package descriptor '/home/fede/ros2_ws/src/install/my_tracked_robot_description/share/my_tracked_robot_description/package.dsv'
[1.608s] INFO:colcon.colcon_core.shell:Creating package script '/home/fede/ros2_ws/src/install/my_tracked_robot_description/share/my_tracked_robot_description/package.sh'
[1.608s] INFO:colcon.colcon_core.shell:Creating package script '/home/fede/ros2_ws/src/install/my_tracked_robot_description/share/my_tracked_robot_description/package.bash'
[1.609s] INFO:colcon.colcon_core.shell:Creating package script '/home/fede/ros2_ws/src/install/my_tracked_robot_description/share/my_tracked_robot_description/package.zsh'
[1.609s] Level 1:colcon.colcon_core.environment:create_file_with_runtime_dependencies(/home/fede/ros2_ws/src/install/my_tracked_robot_description/share/colcon-core/packages/my_tracked_robot_description)
[1.610s] INFO:colcon.colcon_ros.task.ament_python.build:Building ROS package in '/home/fede/ros2_ws/src/maize_robot_bringup' with build type 'ament_python'
[1.610s] Level 1:colcon.colcon_core.shell:create_environment_hook('maize_robot_bringup', 'ament_prefix_path')
[1.610s] INFO:colcon.colcon_core.shell:Creating environment hook '/home/fede/ros2_ws/src/install/maize_robot_bringup/share/maize_robot_bringup/hook/ament_prefix_path.ps1'
[1.611s] INFO:colcon.colcon_core.shell:Creating environment descriptor '/home/fede/ros2_ws/src/install/maize_robot_bringup/share/maize_robot_bringup/hook/ament_prefix_path.dsv'
[1.612s] INFO:colcon.colcon_core.shell:Creating environment hook '/home/fede/ros2_ws/src/install/maize_robot_bringup/share/maize_robot_bringup/hook/ament_prefix_path.sh'
[1.612s] INFO:colcon.colcon_core.shell:Skip shell extension 'powershell' for command environment: Not usable outside of PowerShell
[1.612s] DEBUG:colcon.colcon_core.shell:Skip shell extension 'dsv' for command environment
[1.906s] INFO:colcon.colcon_core.task.python.build:Building Python package in '/home/fede/ros2_ws/src/maize_robot_bringup'
[1.907s] INFO:colcon.colcon_core.shell:Skip shell extension 'powershell' for command environment: Not usable outside of PowerShell
[1.907s] DEBUG:colcon.colcon_core.shell:Skip shell extension 'dsv' for command environment
[2.076s] DEBUG:colcon.colcon_core.event_handler.log_command:Invoking command in '/home/fede/ros2_ws/src/virtual_maize_field': PYTHONPATH=/home/fede/ros2_ws/src/build/virtual_maize_field/prefix_override:/usr/lib/python3/dist-packages/colcon_core/task/python/colcon_distutils_commands:/home/fede/ros2_ws/src/install/virtual_maize_field/lib/python3.10/site-packages:${PYTHONPATH} /usr/bin/python3 -W ignore:setup.py install is deprecated -W ignore:easy_install command is deprecated setup.py egg_info --egg-base ../build/virtual_maize_field build --build-base /home/fede/ros2_ws/src/build/virtual_maize_field/build install --record /home/fede/ros2_ws/src/build/virtual_maize_field/install.log --single-version-externally-managed install_data
[2.430s] DEBUG:colcon.colcon_core.event_handler.log_command:Invoking command in '/home/fede/ros2_ws/src/maize_robot_bringup': AMENT_PREFIX_PATH=/home/fede/ros2_ws/src/install/my_tracked_robot_description:${AMENT_PREFIX_PATH} CMAKE_PREFIX_PATH=/home/fede/ros2_ws/src/install/my_tracked_robot_description:${CMAKE_PREFIX_PATH} PYTHONPATH=/home/fede/ros2_ws/src/build/maize_robot_bringup/prefix_override:/usr/lib/python3/dist-packages/colcon_core/task/python/colcon_distutils_commands:/home/fede/ros2_ws/src/install/maize_robot_bringup/lib/python3.10/site-packages:${PYTHONPATH} /usr/bin/python3 -W ignore:setup.py install is deprecated -W ignore:easy_install command is deprecated setup.py egg_info --egg-base ../build/maize_robot_bringup build --build-base /home/fede/ros2_ws/src/build/maize_robot_bringup/build install --record /home/fede/ros2_ws/src/build/maize_robot_bringup/install.log --single-version-externally-managed install_data
[2.432s] Level 1:colcon.colcon_core.environment:checking '/home/fede/ros2_ws/src/install/virtual_maize_field' for CMake module files
[2.433s] DEBUG:colcon.colcon_core.event_handler.log_command:Invoked command in '/home/fede/ros2_ws/src/virtual_maize_field' returned '0': PYTHONPATH=/home/fede/ros2_ws/src/build/virtual_maize_field/prefix_override:/usr/lib/python3/dist-packages/colcon_core/task/python/colcon_distutils_commands:/home/fede/ros2_ws/src/install/virtual_maize_field/lib/python3.10/site-packages:${PYTHONPATH} /usr/bin/python3 -W ignore:setup.py install is deprecated -W ignore:easy_install command is deprecated setup.py egg_info --egg-base ../build/virtual_maize_field build --build-base /home/fede/ros2_ws/src/build/virtual_maize_field/build install --record /home/fede/ros2_ws/src/build/virtual_maize_field/install.log --single-version-externally-managed install_data
[2.435s] Level 1:colcon.colcon_core.environment:checking '/home/fede/ros2_ws/src/install/virtual_maize_field' for CMake config files
[2.468s] Level 1:colcon.colcon_core.environment:checking '/home/fede/ros2_ws/src/install/virtual_maize_field/lib'
[2.468s] Level 1:colcon.colcon_core.environment:checking '/home/fede/ros2_ws/src/install/virtual_maize_field/bin'
[2.468s] Level 1:colcon.colcon_core.environment:checking '/home/fede/ros2_ws/src/install/virtual_maize_field/lib/pkgconfig/virtual_maize_field.pc'
[2.469s] Level 1:colcon.colcon_core.environment:checking '/home/fede/ros2_ws/src/install/virtual_maize_field/lib/python3.10/site-packages'
[2.469s] Level 1:colcon.colcon_core.shell:create_environment_hook('virtual_maize_field', 'pythonpath')
[2.469s] INFO:colcon.colcon_core.shell:Creating environment hook '/home/fede/ros2_ws/src/install/virtual_maize_field/share/virtual_maize_field/hook/pythonpath.ps1'
[2.469s] INFO:colcon.colcon_core.shell:Creating environment descriptor '/home/fede/ros2_ws/src/install/virtual_maize_field/share/virtual_maize_field/hook/pythonpath.dsv'
[2.470s] INFO:colcon.colcon_core.shell:Creating environment hook '/home/fede/ros2_ws/src/install/virtual_maize_field/share/virtual_maize_field/hook/pythonpath.sh'
[2.470s] Level 1:colcon.colcon_core.environment:checking '/home/fede/ros2_ws/src/install/virtual_maize_field/bin'
[2.470s] Level 1:colcon.colcon_core.environment:create_environment_scripts_only(virtual_maize_field)
[2.471s] INFO:colcon.colcon_core.shell:Creating package script '/home/fede/ros2_ws/src/install/virtual_maize_field/share/virtual_maize_field/package.ps1'
[2.471s] INFO:colcon.colcon_core.shell:Creating package descriptor '/home/fede/ros2_ws/src/install/virtual_maize_field/share/virtual_maize_field/package.dsv'
[2.471s] INFO:colcon.colcon_core.shell:Creating package script '/home/fede/ros2_ws/src/install/virtual_maize_field/share/virtual_maize_field/package.sh'
[2.471s] INFO:colcon.colcon_core.shell:Creating package script '/home/fede/ros2_ws/src/install/virtual_maize_field/share/virtual_maize_field/package.bash'
[2.472s] INFO:colcon.colcon_core.shell:Creating package script '/home/fede/ros2_ws/src/install/virtual_maize_field/share/virtual_maize_field/package.zsh'
[2.472s] Level 1:colcon.colcon_core.environment:create_file_with_runtime_dependencies(/home/fede/ros2_ws/src/install/virtual_maize_field/share/colcon-core/packages/virtual_maize_field)
[2.472s] INFO:colcon.colcon_ros.task.ament_python.build:Building ROS package in '/home/fede/ros2_ws/src/my_robot_drl' with build type 'ament_python'
[2.472s] Level 1:colcon.colcon_core.shell:create_environment_hook('my_robot_drl', 'ament_prefix_path')
[2.473s] INFO:colcon.colcon_core.shell:Creating environment hook '/home/fede/ros2_ws/src/install/my_robot_drl/share/my_robot_drl/hook/ament_prefix_path.ps1'
[2.473s] INFO:colcon.colcon_core.shell:Creating environment descriptor '/home/fede/ros2_ws/src/install/my_robot_drl/share/my_robot_drl/hook/ament_prefix_path.dsv'
[2.474s] INFO:colcon.colcon_core.shell:Creating environment hook '/home/fede/ros2_ws/src/install/my_robot_drl/share/my_robot_drl/hook/ament_prefix_path.sh'
[2.475s] INFO:colcon.colcon_core.shell:Skip shell extension 'powershell' for command environment: Not usable outside of PowerShell
[2.475s] DEBUG:colcon.colcon_core.shell:Skip shell extension 'dsv' for command environment
[2.709s] Level 1:colcon.colcon_core.environment:checking '/home/fede/ros2_ws/src/install/maize_robot_bringup' for CMake module files
[2.710s] DEBUG:colcon.colcon_core.event_handler.log_command:Invoked command in '/home/fede/ros2_ws/src/maize_robot_bringup' returned '0': AMENT_PREFIX_PATH=/home/fede/ros2_ws/src/install/my_tracked_robot_description:${AMENT_PREFIX_PATH} CMAKE_PREFIX_PATH=/home/fede/ros2_ws/src/install/my_tracked_robot_description:${CMAKE_PREFIX_PATH} PYTHONPATH=/home/fede/ros2_ws/src/build/maize_robot_bringup/prefix_override:/usr/lib/python3/dist-packages/colcon_core/task/python/colcon_distutils_commands:/home/fede/ros2_ws/src/install/maize_robot_bringup/lib/python3.10/site-packages:${PYTHONPATH} /usr/bin/python3 -W ignore:setup.py install is deprecated -W ignore:easy_install command is deprecated setup.py egg_info --egg-base ../build/maize_robot_bringup build --build-base /home/fede/ros2_ws/src/build/maize_robot_bringup/build install --record /home/fede/ros2_ws/src/build/maize_robot_bringup/install.log --single-version-externally-managed install_data
[2.712s] Level 1:colcon.colcon_core.environment:checking '/home/fede/ros2_ws/src/install/maize_robot_bringup' for CMake config files
[2.718s] Level 1:colcon.colcon_core.environment:checking '/home/fede/ros2_ws/src/install/maize_robot_bringup/lib'
[2.718s] Level 1:colcon.colcon_core.environment:checking '/home/fede/ros2_ws/src/install/maize_robot_bringup/bin'
[2.718s] Level 1:colcon.colcon_core.environment:checking '/home/fede/ros2_ws/src/install/maize_robot_bringup/lib/pkgconfig/maize_robot_bringup.pc'
[2.718s] Level 1:colcon.colcon_core.environment:checking '/home/fede/ros2_ws/src/install/maize_robot_bringup/lib/python3.10/site-packages'
[2.718s] Level 1:colcon.colcon_core.shell:create_environment_hook('maize_robot_bringup', 'pythonpath')
[2.718s] INFO:colcon.colcon_core.shell:Creating environment hook '/home/fede/ros2_ws/src/install/maize_robot_bringup/share/maize_robot_bringup/hook/pythonpath.ps1'
[2.719s] INFO:colcon.colcon_core.shell:Creating environment descriptor '/home/fede/ros2_ws/src/install/maize_robot_bringup/share/maize_robot_bringup/hook/pythonpath.dsv'
[2.719s] INFO:colcon.colcon_core.shell:Creating environment hook '/home/fede/ros2_ws/src/install/maize_robot_bringup/share/maize_robot_bringup/hook/pythonpath.sh'
[2.720s] Level 1:colcon.colcon_core.environment:checking '/home/fede/ros2_ws/src/install/maize_robot_bringup/bin'
[2.720s] Level 1:colcon.colcon_core.environment:create_environment_scripts_only(maize_robot_bringup)
[2.721s] INFO:colcon.colcon_core.shell:Creating package script '/home/fede/ros2_ws/src/install/maize_robot_bringup/share/maize_robot_bringup/package.ps1'
[2.721s] INFO:colcon.colcon_core.shell:Creating package descriptor '/home/fede/ros2_ws/src/install/maize_robot_bringup/share/maize_robot_bringup/package.dsv'
[2.722s] INFO:colcon.colcon_core.shell:Creating package script '/home/fede/ros2_ws/src/install/maize_robot_bringup/share/maize_robot_bringup/package.sh'
[2.722s] INFO:colcon.colcon_core.shell:Creating package script '/home/fede/ros2_ws/src/install/maize_robot_bringup/share/maize_robot_bringup/package.bash'
[2.723s] INFO:colcon.colcon_core.shell:Creating package script '/home/fede/ros2_ws/src/install/maize_robot_bringup/share/maize_robot_bringup/package.zsh'
[2.723s] Level 1:colcon.colcon_core.environment:create_file_with_runtime_dependencies(/home/fede/ros2_ws/src/install/maize_robot_bringup/share/colcon-core/packages/maize_robot_bringup)
[3.224s] INFO:colcon.colcon_core.task.python.build:Building Python package in '/home/fede/ros2_ws/src/my_robot_drl'
[3.225s] INFO:colcon.colcon_core.shell:Skip shell extension 'powershell' for command environment: Not usable outside of PowerShell
[3.225s] DEBUG:colcon.colcon_core.shell:Skip shell extension 'dsv' for command environment
[3.667s] DEBUG:colcon.colcon_core.event_handler.log_command:Invoking command in '/home/fede/ros2_ws/src/my_robot_drl': AMENT_PREFIX_PATH=/home/fede/ros2_ws/src/install/virtual_maize_field:${AMENT_PREFIX_PATH} PYTHONPATH=/home/fede/ros2_ws/src/build/my_robot_drl/prefix_override:/usr/lib/python3/dist-packages/colcon_core/task/python/colcon_distutils_commands:/home/fede/ros2_ws/src/install/my_robot_drl/lib/python3.10/site-packages:/home/fede/ros2_ws/src/install/virtual_maize_field/lib/python3.10/site-packages:${PYTHONPATH} /usr/bin/python3 -W ignore:setup.py install is deprecated -W ignore:easy_install command is deprecated setup.py egg_info --egg-base ../build/my_robot_drl build --build-base /home/fede/ros2_ws/src/build/my_robot_drl/build install --record /home/fede/ros2_ws/src/build/my_robot_drl/install.log --single-version-externally-managed install_data
[3.936s] Level 1:colcon.colcon_core.environment:checking '/home/fede/ros2_ws/src/install/my_robot_drl' for CMake module files
[3.937s] DEBUG:colcon.colcon_core.event_handler.log_command:Invoked command in '/home/fede/ros2_ws/src/my_robot_drl' returned '0': AMENT_PREFIX_PATH=/home/fede/ros2_ws/src/install/virtual_maize_field:${AMENT_PREFIX_PATH} PYTHONPATH=/home/fede/ros2_ws/src/build/my_robot_drl/prefix_override:/usr/lib/python3/dist-packages/colcon_core/task/python/colcon_distutils_commands:/home/fede/ros2_ws/src/install/my_robot_drl/lib/python3.10/site-packages:/home/fede/ros2_ws/src/install/virtual_maize_field/lib/python3.10/site-packages:${PYTHONPATH} /usr/bin/python3 -W ignore:setup.py install is deprecated -W ignore:easy_install command is deprecated setup.py egg_info --egg-base ../build/my_robot_drl build --build-base /home/fede/ros2_ws/src/build/my_robot_drl/build install --record /home/fede/ros2_ws/src/build/my_robot_drl/install.log --single-version-externally-managed install_data
[3.939s] Level 1:colcon.colcon_core.environment:checking '/home/fede/ros2_ws/src/install/my_robot_drl' for CMake config files
[3.943s] Level 1:colcon.colcon_core.environment:checking '/home/fede/ros2_ws/src/install/my_robot_drl/lib'
[3.943s] Level 1:colcon.colcon_core.environment:checking '/home/fede/ros2_ws/src/install/my_robot_drl/bin'
[3.943s] Level 1:colcon.colcon_core.environment:checking '/home/fede/ros2_ws/src/install/my_robot_drl/lib/pkgconfig/my_robot_drl.pc'
[3.944s] Level 1:colcon.colcon_core.environment:checking '/home/fede/ros2_ws/src/install/my_robot_drl/lib/python3.10/site-packages'
[3.944s] Level 1:colcon.colcon_core.shell:create_environment_hook('my_robot_drl', 'pythonpath')
[3.944s] INFO:colcon.colcon_core.shell:Creating environment hook '/home/fede/ros2_ws/src/install/my_robot_drl/share/my_robot_drl/hook/pythonpath.ps1'
[3.944s] INFO:colcon.colcon_core.shell:Creating environment descriptor '/home/fede/ros2_ws/src/install/my_robot_drl/share/my_robot_drl/hook/pythonpath.dsv'
[3.945s] INFO:colcon.colcon_core.shell:Creating environment hook '/home/fede/ros2_ws/src/install/my_robot_drl/share/my_robot_drl/hook/pythonpath.sh'
[3.946s] Level 1:colcon.colcon_core.environment:checking '/home/fede/ros2_ws/src/install/my_robot_drl/bin'
[3.946s] Level 1:colcon.colcon_core.environment:create_environment_scripts_only(my_robot_drl)
[3.946s] INFO:colcon.colcon_core.shell:Creating package script '/home/fede/ros2_ws/src/install/my_robot_drl/share/my_robot_drl/package.ps1'
[3.946s] INFO:colcon.colcon_core.shell:Creating package descriptor '/home/fede/ros2_ws/src/install/my_robot_drl/share/my_robot_drl/package.dsv'
[3.947s] INFO:colcon.colcon_core.shell:Creating package script '/home/fede/ros2_ws/src/install/my_robot_drl/share/my_robot_drl/package.sh'
[3.947s] INFO:colcon.colcon_core.shell:Creating package script '/home/fede/ros2_ws/src/install/my_robot_drl/share/my_robot_drl/package.bash'
[3.948s] INFO:colcon.colcon_core.shell:Creating package script '/home/fede/ros2_ws/src/install/my_robot_drl/share/my_robot_drl/package.zsh'
[3.948s] Level 1:colcon.colcon_core.environment:create_file_with_runtime_dependencies(/home/fede/ros2_ws/src/install/my_robot_drl/share/colcon-core/packages/my_robot_drl)
[3.948s] DEBUG:colcon.colcon_parallel_executor.executor.parallel:closing loop
[3.950s] DEBUG:colcon.colcon_parallel_executor.executor.parallel:loop closed
[3.950s] DEBUG:colcon.colcon_parallel_executor.executor.parallel:run_until_complete finished with '0'
[3.950s] DEBUG:colcon.colcon_core.event_reactor:joining thread
[4.136s] INFO:colcon.colcon_core.plugin_system:Skipping extension 'colcon_notification.desktop_notification.notify_send': Could not find 'notify-send'
[4.137s] INFO:colcon.colcon_core.plugin_system:Skipping extension 'colcon_notification.desktop_notification.terminal_notifier': Not used on non-Darwin systems
[4.137s] INFO:colcon.colcon_core.plugin_system:Skipping extension 'colcon_notification.desktop_notification.win32': Not used on non-Windows systems
[4.137s] INFO:colcon.colcon_notification.desktop_notification:Sending desktop notification using 'notify2'
[4.140s] DEBUG:colcon.colcon_notification.desktop_notification.notify2:Failed to initialize notify2: org.freedesktop.DBus.Error.ServiceUnknown: The name org.freedesktop.Notifications was not provided by any .service files
[4.140s] DEBUG:colcon.colcon_core.event_reactor:joined thread
[4.140s] INFO:colcon.colcon_core.shell:Creating prefix script '/home/fede/ros2_ws/src/install/local_setup.ps1'
[4.142s] INFO:colcon.colcon_core.shell:Creating prefix util module '/home/fede/ros2_ws/src/install/_local_setup_util_ps1.py'
[4.143s] INFO:colcon.colcon_core.shell:Creating prefix chain script '/home/fede/ros2_ws/src/install/setup.ps1'
[4.145s] INFO:colcon.colcon_core.shell:Creating prefix script '/home/fede/ros2_ws/src/install/local_setup.sh'
[4.146s] INFO:colcon.colcon_core.shell:Creating prefix util module '/home/fede/ros2_ws/src/install/_local_setup_util_sh.py'
[4.146s] INFO:colcon.colcon_core.shell:Creating prefix chain script '/home/fede/ros2_ws/src/install/setup.sh'
[4.148s] INFO:colcon.colcon_core.shell:Creating prefix script '/home/fede/ros2_ws/src/install/local_setup.bash'
[4.149s] INFO:colcon.colcon_core.shell:Creating prefix chain script '/home/fede/ros2_ws/src/install/setup.bash'
[4.150s] INFO:colcon.colcon_core.shell:Creating prefix script '/home/fede/ros2_ws/src/install/local_setup.zsh'
[4.151s] INFO:colcon.colcon_core.shell:Creating prefix chain script '/home/fede/ros2_ws/src/install/setup.zsh'
