running egg_info
writing ../build/my_robot_drl/my_robot_drl.egg-info/PKG-INFO
writing dependency_links to ../build/my_robot_drl/my_robot_drl.egg-info/dependency_links.txt
writing entry points to ../build/my_robot_drl/my_robot_drl.egg-info/entry_points.txt
writing requirements to ../build/my_robot_drl/my_robot_drl.egg-info/requires.txt
writing top-level names to ../build/my_robot_drl/my_robot_drl.egg-info/top_level.txt
reading manifest file '../build/my_robot_drl/my_robot_drl.egg-info/SOURCES.txt'
adding license file 'LICENSE'
writing manifest file '../build/my_robot_drl/my_robot_drl.egg-info/SOURCES.txt'
running build
running build_py
copying my_robot_drl/visualize_real_uturn.py -> /home/fede/ros2_ws/src/build/my_robot_drl/build/lib/my_robot_drl
running install
running install_lib
copying /home/fede/ros2_ws/src/build/my_robot_drl/build/lib/my_robot_drl/visualize_real_uturn.py -> /home/fede/ros2_ws/src/install/my_robot_drl/lib/python3.10/site-packages/my_robot_drl
byte-compiling /home/fede/ros2_ws/src/install/my_robot_drl/lib/python3.10/site-packages/my_robot_drl/visualize_real_uturn.py to visualize_real_uturn.cpython-310.pyc
running install_data
running install_egg_info
removing '/home/fede/ros2_ws/src/install/my_robot_drl/lib/python3.10/site-packages/my_robot_drl-0.0.0-py3.10.egg-info' (and everything under it)
Copying ../build/my_robot_drl/my_robot_drl.egg-info to /home/fede/ros2_ws/src/install/my_robot_drl/lib/python3.10/site-packages/my_robot_drl-0.0.0-py3.10.egg-info
running install_scripts
Installing field_data_reader script to /home/fede/ros2_ws/src/install/my_robot_drl/lib/my_robot_drl
Installing teleop_maize_env script to /home/fede/ros2_ws/src/install/my_robot_drl/lib/my_robot_drl
Installing test_uturn script to /home/fede/ros2_ws/src/install/my_robot_drl/lib/my_robot_drl
Installing train_agent script to /home/fede/ros2_ws/src/install/my_robot_drl/lib/my_robot_drl
Installing visualize_real_uturn script to /home/fede/ros2_ws/src/install/my_robot_drl/lib/my_robot_drl
Installing waypoint_visualizer script to /home/fede/ros2_ws/src/install/my_robot_drl/lib/my_robot_drl
writing list of installed files to '/home/fede/ros2_ws/src/build/my_robot_drl/install.log'
