[0.815s] Invoking command in '/home/fede/ros2_ws/src/maize_robot_bringup': PYTHONPATH=/home/fede/ros2_ws/src/build/maize_robot_bringup/prefix_override:/usr/lib/python3/dist-packages/colcon_core/task/python/colcon_distutils_commands:/home/fede/ros2_ws/src/install/maize_robot_bringup/lib/python3.10/site-packages:${PYTHONPATH} /usr/bin/python3 -W ignore:setup.py install is deprecated -W ignore:easy_install command is deprecated setup.py egg_info --egg-base ../build/maize_robot_bringup build --build-base /home/fede/ros2_ws/src/build/maize_robot_bringup/build install --record /home/fede/ros2_ws/src/build/maize_robot_bringup/install.log --single-version-externally-managed install_data
[1.241s] running egg_info
[1.243s] writing ../build/maize_robot_bringup/maize_robot_bringup.egg-info/PKG-INFO
[1.244s] writing dependency_links to ../build/maize_robot_bringup/maize_robot_bringup.egg-info/dependency_links.txt
[1.244s] writing entry points to ../build/maize_robot_bringup/maize_robot_bringup.egg-info/entry_points.txt
[1.244s] writing requirements to ../build/maize_robot_bringup/maize_robot_bringup.egg-info/requires.txt
[1.245s] writing top-level names to ../build/maize_robot_bringup/maize_robot_bringup.egg-info/top_level.txt
[1.249s] reading manifest file '../build/maize_robot_bringup/maize_robot_bringup.egg-info/SOURCES.txt'
[1.252s] writing manifest file '../build/maize_robot_bringup/maize_robot_bringup.egg-info/SOURCES.txt'
[1.252s] running build
[1.252s] running build_py
[1.253s] running install
[1.253s] running install_lib
[1.257s] running install_data
[1.258s] running install_egg_info
[1.263s] removing '/home/fede/ros2_ws/src/install/maize_robot_bringup/lib/python3.10/site-packages/maize_robot_bringup-0.0.0-py3.10.egg-info' (and everything under it)
[1.264s] Copying ../build/maize_robot_bringup/maize_robot_bringup.egg-info to /home/fede/ros2_ws/src/install/maize_robot_bringup/lib/python3.10/site-packages/maize_robot_bringup-0.0.0-py3.10.egg-info
[1.266s] running install_scripts
[1.314s] writing list of installed files to '/home/fede/ros2_ws/src/build/maize_robot_bringup/install.log'
[1.376s] Invoked command in '/home/fede/ros2_ws/src/maize_robot_bringup' returned '0': PYTHONPATH=/home/fede/ros2_ws/src/build/maize_robot_bringup/prefix_override:/usr/lib/python3/dist-packages/colcon_core/task/python/colcon_distutils_commands:/home/fede/ros2_ws/src/install/maize_robot_bringup/lib/python3.10/site-packages:${PYTHONPATH} /usr/bin/python3 -W ignore:setup.py install is deprecated -W ignore:easy_install command is deprecated setup.py egg_info --egg-base ../build/maize_robot_bringup build --build-base /home/fede/ros2_ws/src/build/maize_robot_bringup/build install --record /home/fede/ros2_ws/src/build/maize_robot_bringup/install.log --single-version-externally-managed install_data
