[0.645s] Invoking command in '/home/fede/ros2_ws/src/maize_robot_bringup': PYTHONPATH=/home/fede/ros2_ws/src/build/maize_robot_bringup/prefix_override:/usr/lib/python3/dist-packages/colcon_core/task/python/colcon_distutils_commands:/home/fede/ros2_ws/src/install/maize_robot_bringup/lib/python3.10/site-packages:${PYTHONPATH} /usr/bin/python3 -W ignore:setup.py install is deprecated -W ignore:easy_install command is deprecated setup.py egg_info --egg-base ../build/maize_robot_bringup build --build-base /home/fede/ros2_ws/src/build/maize_robot_bringup/build install --record /home/fede/ros2_ws/src/build/maize_robot_bringup/install.log --single-version-externally-managed install_data
[0.854s] running egg_info
[0.854s] writing ../build/maize_robot_bringup/maize_robot_bringup.egg-info/PKG-INFO
[0.854s] writing dependency_links to ../build/maize_robot_bringup/maize_robot_bringup.egg-info/dependency_links.txt
[0.855s] writing entry points to ../build/maize_robot_bringup/maize_robot_bringup.egg-info/entry_points.txt
[0.856s] writing requirements to ../build/maize_robot_bringup/maize_robot_bringup.egg-info/requires.txt
[0.856s] writing top-level names to ../build/maize_robot_bringup/maize_robot_bringup.egg-info/top_level.txt
[0.857s] reading manifest file '../build/maize_robot_bringup/maize_robot_bringup.egg-info/SOURCES.txt'
[0.858s] writing manifest file '../build/maize_robot_bringup/maize_robot_bringup.egg-info/SOURCES.txt'
[0.859s] running build
[0.859s] running build_py
[0.859s] running install
[0.859s] running install_lib
[0.860s] running install_data
[0.860s] running install_egg_info
[0.862s] removing '/home/fede/ros2_ws/src/install/maize_robot_bringup/lib/python3.10/site-packages/maize_robot_bringup-0.0.0-py3.10.egg-info' (and everything under it)
[0.862s] Copying ../build/maize_robot_bringup/maize_robot_bringup.egg-info to /home/fede/ros2_ws/src/install/maize_robot_bringup/lib/python3.10/site-packages/maize_robot_bringup-0.0.0-py3.10.egg-info
[0.863s] running install_scripts
[0.881s] writing list of installed files to '/home/fede/ros2_ws/src/build/maize_robot_bringup/install.log'
[1.007s] Invoked command in '/home/fede/ros2_ws/src/maize_robot_bringup' returned '0': PYTHONPATH=/home/fede/ros2_ws/src/build/maize_robot_bringup/prefix_override:/usr/lib/python3/dist-packages/colcon_core/task/python/colcon_distutils_commands:/home/fede/ros2_ws/src/install/maize_robot_bringup/lib/python3.10/site-packages:${PYTHONPATH} /usr/bin/python3 -W ignore:setup.py install is deprecated -W ignore:easy_install command is deprecated setup.py egg_info --egg-base ../build/maize_robot_bringup build --build-base /home/fede/ros2_ws/src/build/maize_robot_bringup/build install --record /home/fede/ros2_ws/src/build/maize_robot_bringup/install.log --single-version-externally-managed install_data
