/home/fede/ros2_ws/src/install/my_robot_drl/lib/python3.10/site-packages/my_robot_drl/get_field_data.py
/home/fede/ros2_ws/src/install/my_robot_drl/lib/python3.10/site-packages/my_robot_drl/drl_env.py
/home/fede/ros2_ws/src/install/my_robot_drl/lib/python3.10/site-packages/my_robot_drl/visualize_real_uturn.py
/home/fede/ros2_ws/src/install/my_robot_drl/lib/python3.10/site-packages/my_robot_drl/waypoint_visualizer.py
/home/fede/ros2_ws/src/install/my_robot_drl/lib/python3.10/site-packages/my_robot_drl/dense_waypoint.py
/home/fede/ros2_ws/src/install/my_robot_drl/lib/python3.10/site-packages/my_robot_drl/train_agent.py
/home/fede/ros2_ws/src/install/my_robot_drl/lib/python3.10/site-packages/my_robot_drl/test_uturn.py
/home/fede/ros2_ws/src/install/my_robot_drl/lib/python3.10/site-packages/my_robot_drl/teleop_maize_env.py
/home/fede/ros2_ws/src/install/my_robot_drl/lib/python3.10/site-packages/my_robot_drl/__init__.py
/home/fede/ros2_ws/src/install/my_robot_drl/lib/python3.10/site-packages/my_robot_drl/__pycache__/get_field_data.cpython-310.pyc
/home/fede/ros2_ws/src/install/my_robot_drl/lib/python3.10/site-packages/my_robot_drl/__pycache__/drl_env.cpython-310.pyc
/home/fede/ros2_ws/src/install/my_robot_drl/lib/python3.10/site-packages/my_robot_drl/__pycache__/visualize_real_uturn.cpython-310.pyc
/home/fede/ros2_ws/src/install/my_robot_drl/lib/python3.10/site-packages/my_robot_drl/__pycache__/waypoint_visualizer.cpython-310.pyc
/home/fede/ros2_ws/src/install/my_robot_drl/lib/python3.10/site-packages/my_robot_drl/__pycache__/dense_waypoint.cpython-310.pyc
/home/fede/ros2_ws/src/install/my_robot_drl/lib/python3.10/site-packages/my_robot_drl/__pycache__/train_agent.cpython-310.pyc
/home/fede/ros2_ws/src/install/my_robot_drl/lib/python3.10/site-packages/my_robot_drl/__pycache__/test_uturn.cpython-310.pyc
/home/fede/ros2_ws/src/install/my_robot_drl/lib/python3.10/site-packages/my_robot_drl/__pycache__/teleop_maize_env.cpython-310.pyc
/home/fede/ros2_ws/src/install/my_robot_drl/lib/python3.10/site-packages/my_robot_drl/__pycache__/__init__.cpython-310.pyc
/home/fede/ros2_ws/src/install/my_robot_drl/share/ament_index/resource_index/packages/my_robot_drl
/home/fede/ros2_ws/src/install/my_robot_drl/share/my_robot_drl/package.xml
/home/fede/ros2_ws/src/install/my_robot_drl/share/my_robot_drl/models/waypoint_box/model.sdf
/home/fede/ros2_ws/src/install/my_robot_drl/share/my_robot_drl/models/waypoint_box/model.config
/home/fede/ros2_ws/src/install/my_robot_drl/share/my_robot_drl/launch/train_maize_nav.launch.py
/home/fede/ros2_ws/src/install/my_robot_drl/lib/python3.10/site-packages/my_robot_drl-0.0.0-py3.10.egg-info/zip-safe
/home/fede/ros2_ws/src/install/my_robot_drl/lib/python3.10/site-packages/my_robot_drl-0.0.0-py3.10.egg-info/entry_points.txt
/home/fede/ros2_ws/src/install/my_robot_drl/lib/python3.10/site-packages/my_robot_drl-0.0.0-py3.10.egg-info/top_level.txt
/home/fede/ros2_ws/src/install/my_robot_drl/lib/python3.10/site-packages/my_robot_drl-0.0.0-py3.10.egg-info/PKG-INFO
/home/fede/ros2_ws/src/install/my_robot_drl/lib/python3.10/site-packages/my_robot_drl-0.0.0-py3.10.egg-info/dependency_links.txt
/home/fede/ros2_ws/src/install/my_robot_drl/lib/python3.10/site-packages/my_robot_drl-0.0.0-py3.10.egg-info/SOURCES.txt
/home/fede/ros2_ws/src/install/my_robot_drl/lib/python3.10/site-packages/my_robot_drl-0.0.0-py3.10.egg-info/requires.txt
/home/fede/ros2_ws/src/install/my_robot_drl/lib/my_robot_drl/field_data_reader
/home/fede/ros2_ws/src/install/my_robot_drl/lib/my_robot_drl/teleop_maize_env
/home/fede/ros2_ws/src/install/my_robot_drl/lib/my_robot_drl/test_uturn
/home/fede/ros2_ws/src/install/my_robot_drl/lib/my_robot_drl/train_agent
/home/fede/ros2_ws/src/install/my_robot_drl/lib/my_robot_drl/visualize_real_uturn
/home/fede/ros2_ws/src/install/my_robot_drl/lib/my_robot_drl/waypoint_visualizer
